Archive member included to satisfy reference by file (symbol)

Middlewares/ST/ARM/DSP/Lib/libCMSISDSP.a(MatrixFunctions.c.o)
                              build/debug/moudels/algorithm/QuaternionEKF.o (arm_mat_add_f32)
Middlewares/ST/ARM/DSP/Lib/libCMSISDSP.a(FastMathFunctions.c.o)
                              build/debug/moudels/imu/ins_task.o (arm_cos_f32)
Middlewares/ST/ARM/DSP/Lib/libCMSISDSP.a(BasicMathFunctions.c.o)
                              Middlewares/ST/ARM/DSP/Lib/libCMSISDSP.a(FastMathFunctions.c.o) (arm_abs_q15)
Middlewares/ST/ARM/DSP/Lib/libCMSISDSP.a(CommonTables.c.o)
                              Middlewares/ST/ARM/DSP/Lib/libCMSISDSP.a(FastMathFunctions.c.o) (sqrt_initial_lut_q15)
c:/Users/WS-XIAOYA/AppData/Roaming/Code/User/globalStorage/bmd.stm32-for-vscode/@xpack-dev-tools/arm-none-eabi-gcc/13.2.1-1.1.1/.content/bin/../lib/gcc/arm-none-eabi/13.2.1/../../../../arm-none-eabi/lib/thumb/v7e-m+fp/hard\libc_nano.a(libc_a-atexit.o)
                              c:/Users/WS-XIAOYA/AppData/Roaming/Code/User/globalStorage/bmd.stm32-for-vscode/@xpack-dev-tools/arm-none-eabi-gcc/13.2.1-1.1.1/.content/bin/../lib/gcc/arm-none-eabi/13.2.1/../../../../arm-none-eabi/lib/thumb/v7e-m+fp/hard/crt0.o (atexit)
c:/Users/WS-XIAOYA/AppData/Roaming/Code/User/globalStorage/bmd.stm32-for-vscode/@xpack-dev-tools/arm-none-eabi-gcc/13.2.1-1.1.1/.content/bin/../lib/gcc/arm-none-eabi/13.2.1/../../../../arm-none-eabi/lib/thumb/v7e-m+fp/hard\libc_nano.a(libc_a-exit.o)
                              c:/Users/WS-XIAOYA/AppData/Roaming/Code/User/globalStorage/bmd.stm32-for-vscode/@xpack-dev-tools/arm-none-eabi-gcc/13.2.1-1.1.1/.content/bin/../lib/gcc/arm-none-eabi/13.2.1/../../../../arm-none-eabi/lib/thumb/v7e-m+fp/hard/crt0.o (exit)
c:/Users/WS-XIAOYA/AppData/Roaming/Code/User/globalStorage/bmd.stm32-for-vscode/@xpack-dev-tools/arm-none-eabi-gcc/13.2.1-1.1.1/.content/bin/../lib/gcc/arm-none-eabi/13.2.1/../../../../arm-none-eabi/lib/thumb/v7e-m+fp/hard\libc_nano.a(libc_a-malloc.o)
                              build/debug/bsp/can/bsp_can.o (malloc)
c:/Users/WS-XIAOYA/AppData/Roaming/Code/User/globalStorage/bmd.stm32-for-vscode/@xpack-dev-tools/arm-none-eabi-gcc/13.2.1-1.1.1/.content/bin/../lib/gcc/arm-none-eabi/13.2.1/../../../../arm-none-eabi/lib/thumb/v7e-m+fp/hard\libc_nano.a(libc_a-mallocr.o)
                              c:/Users/WS-XIAOYA/AppData/Roaming/Code/User/globalStorage/bmd.stm32-for-vscode/@xpack-dev-tools/arm-none-eabi-gcc/13.2.1-1.1.1/.content/bin/../lib/gcc/arm-none-eabi/13.2.1/../../../../arm-none-eabi/lib/thumb/v7e-m+fp/hard\libc_nano.a(libc_a-malloc.o) (_malloc_r)
c:/Users/WS-XIAOYA/AppData/Roaming/Code/User/globalStorage/bmd.stm32-for-vscode/@xpack-dev-tools/arm-none-eabi-gcc/13.2.1-1.1.1/.content/bin/../lib/gcc/arm-none-eabi/13.2.1/../../../../arm-none-eabi/lib/thumb/v7e-m+fp/hard\libc_nano.a(libc_a-mlock.o)
                              c:/Users/WS-XIAOYA/AppData/Roaming/Code/User/globalStorage/bmd.stm32-for-vscode/@xpack-dev-tools/arm-none-eabi-gcc/13.2.1-1.1.1/.content/bin/../lib/gcc/arm-none-eabi/13.2.1/../../../../arm-none-eabi/lib/thumb/v7e-m+fp/hard\libc_nano.a(libc_a-mallocr.o) (__malloc_lock)
c:/Users/WS-XIAOYA/AppData/Roaming/Code/User/globalStorage/bmd.stm32-for-vscode/@xpack-dev-tools/arm-none-eabi-gcc/13.2.1-1.1.1/.content/bin/../lib/gcc/arm-none-eabi/13.2.1/../../../../arm-none-eabi/lib/thumb/v7e-m+fp/hard\libc_nano.a(libc_a-findfp.o)
                              c:/Users/WS-XIAOYA/AppData/Roaming/Code/User/globalStorage/bmd.stm32-for-vscode/@xpack-dev-tools/arm-none-eabi-gcc/13.2.1-1.1.1/.content/bin/../lib/gcc/arm-none-eabi/13.2.1/../../../../arm-none-eabi/lib/thumb/v7e-m+fp/hard\libc_nano.a(libc_a-exit.o) (__stdio_exit_handler)
c:/Users/WS-XIAOYA/AppData/Roaming/Code/User/globalStorage/bmd.stm32-for-vscode/@xpack-dev-tools/arm-none-eabi-gcc/13.2.1-1.1.1/.content/bin/../lib/gcc/arm-none-eabi/13.2.1/../../../../arm-none-eabi/lib/thumb/v7e-m+fp/hard\libc_nano.a(libc_a-fwalk.o)
                              c:/Users/WS-XIAOYA/AppData/Roaming/Code/User/globalStorage/bmd.stm32-for-vscode/@xpack-dev-tools/arm-none-eabi-gcc/13.2.1-1.1.1/.content/bin/../lib/gcc/arm-none-eabi/13.2.1/../../../../arm-none-eabi/lib/thumb/v7e-m+fp/hard\libc_nano.a(libc_a-findfp.o) (_fwalk_sglue)
c:/Users/WS-XIAOYA/AppData/Roaming/Code/User/globalStorage/bmd.stm32-for-vscode/@xpack-dev-tools/arm-none-eabi-gcc/13.2.1-1.1.1/.content/bin/../lib/gcc/arm-none-eabi/13.2.1/../../../../arm-none-eabi/lib/thumb/v7e-m+fp/hard\libc_nano.a(libc_a-sprintf.o)
                              build/debug/bsp/log/bsp_log.o (sprintf)
c:/Users/WS-XIAOYA/AppData/Roaming/Code/User/globalStorage/bmd.stm32-for-vscode/@xpack-dev-tools/arm-none-eabi-gcc/13.2.1-1.1.1/.content/bin/../lib/gcc/arm-none-eabi/13.2.1/../../../../arm-none-eabi/lib/thumb/v7e-m+fp/hard\libc_nano.a(libc_a-sscanf.o)
                              build/debug/moudels/distance/distance.o (sscanf)
[...]
Memory Configuration

Name             Origin             Length             Attributes
RAM              0x20000000         0x00020000         xrw
CCMRAM           0x10000000         0x00010000         xrw
FLASH            0x08000000         0x00100000         xr
*default*        0x00000000         0xffffffff

Linker script and memory map

LOAD c:/Users/WS-XIAOYA/AppData/Roaming/Code/User/globalStorage/bmd.stm32-for-vscode/@xpack-dev-tools/arm-none-eabi-gcc/13.2.1-1.1.1/.content/bin/../lib/gcc/arm-none-eabi/13.2.1/thumb/v7e-m+fp/hard/crti.o
LOAD c:/Users/WS-XIAOYA/AppData/Roaming/Code/User/globalStorage/bmd.stm32-for-vscode/@xpack-dev-tools/arm-none-eabi-gcc/13.2.1-1.1.1/.content/bin/../lib/gcc/arm-none-eabi/13.2.1/thumb/v7e-m+fp/hard/crtbegin.o
LOAD c:/Users/WS-XIAOYA/AppData/Roaming/Code/User/globalStorage/bmd.stm32-for-vscode/@xpack-dev-tools/arm-none-eabi-gcc/13.2.1-1.1.1/.content/bin/../lib/gcc/arm-none-eabi/13.2.1/../../../../arm-none-eabi/lib/thumb/v7e-m+fp/hard/crt0.o
LOAD build/debug/Core/Src/can.o
LOAD build/debug/Core/Src/dma.o
LOAD build/debug/Core/Src/freertos.o
LOAD build/debug/Core/Src/gpio.o
LOAD build/debug/Core/Src/i2c.o
LOAD build/debug/Core/Src/main.o
LOAD build/debug/Core/Src/spi.o
LOAD build/debug/Core/Src/stm32f4xx_hal_msp.o
LOAD build/debug/Core/Src/stm32f4xx_it.o
LOAD build/debug/Core/Src/system_stm32f4xx.o
LOAD build/debug/Core/Src/tim.o
LOAD build/debug/Core/Src/usart.o
LOAD build/debug/Drivers/STM32F4xx_HAL_Driver/Src/stm32f4xx_hal.o
LOAD build/debug/Drivers/STM32F4xx_HAL_Driver/Src/stm32f4xx_hal_can.o
LOAD build/debug/Drivers/STM32F4xx_HAL_Driver/Src/stm32f4xx_hal_cortex.o
LOAD build/debug/Drivers/STM32F4xx_HAL_Driver/Src/stm32f4xx_hal_dma.o
LOAD build/debug/Drivers/STM32F4xx_HAL_Driver/Src/stm32f4xx_hal_dma_ex.o
LOAD build/debug/Drivers/STM32F4xx_HAL_Driver/Src/stm32f4xx_hal_exti.o
LOAD build/debug/Drivers/STM32F4xx_HAL_Driver/Src/stm32f4xx_hal_flash.o
LOAD build/debug/Drivers/STM32F4xx_HAL_Driver/Src/stm32f4xx_hal_flash_ex.o
LOAD build/debug/Drivers/STM32F4xx_HAL_Driver/Src/stm32f4xx_hal_flash_ramfunc.o
LOAD build/debug/Drivers/STM32F4xx_HAL_Driver/Src/stm32f4xx_hal_gpio.o
LOAD build/debug/Drivers/STM32F4xx_HAL_Driver/Src/stm32f4xx_hal_i2c.o
LOAD build/debug/Drivers/STM32F4xx_HAL_Driver/Src/stm32f4xx_hal_i2c_ex.o
LOAD build/debug/Drivers/STM32F4xx_HAL_Driver/Src/stm32f4xx_hal_pwr.o
LOAD build/debug/Drivers/STM32F4xx_HAL_Driver/Src/stm32f4xx_hal_pwr_ex.o
LOAD build/debug/Drivers/STM32F4xx_HAL_Driver/Src/stm32f4xx_hal_rcc.o
LOAD build/debug/Drivers/STM32F4xx_HAL_Driver/Src/stm32f4xx_hal_rcc_ex.o
LOAD build/debug/Drivers/STM32F4xx_HAL_Driver/Src/stm32f4xx_hal_spi.o
LOAD build/debug/Drivers/STM32F4xx_HAL_Driver/Src/stm32f4xx_hal_tim.o
LOAD build/debug/Drivers/STM32F4xx_HAL_Driver/Src/stm32f4xx_hal_tim_ex.o
LOAD build/debug/Drivers/STM32F4xx_HAL_Driver/Src/stm32f4xx_hal_uart.o
LOAD build/debug/Middlewares/Third_Party/FreeRTOS/Source/CMSIS_RTOS/cmsis_os.o
LOAD build/debug/Middlewares/Third_Party/FreeRTOS/Source/croutine.o
LOAD build/debug/Middlewares/Third_Party/FreeRTOS/Source/event_groups.o
LOAD build/debug/Middlewares/Third_Party/FreeRTOS/Source/list.o
LOAD build/debug/Middlewares/Third_Party/FreeRTOS/Source/portable/GCC/ARM_CM4F/port.o
LOAD build/debug/Middlewares/Third_Party/FreeRTOS/Source/portable/MemMang/heap_4.o
LOAD build/debug/Middlewares/Third_Party/FreeRTOS/Source/queue.o
LOAD build/debug/Middlewares/Third_Party/FreeRTOS/Source/stream_buffer.o
LOAD build/debug/Middlewares/Third_Party/FreeRTOS/Source/tasks.o
LOAD build/debug/Middlewares/Third_Party/FreeRTOS/Source/timers.o
LOAD build/debug/Middlewares/Third_Party/SEGGER/RTT/SEGGER_RTT.o
LOAD build/debug/Middlewares/Third_Party/SEGGER/RTT/SEGGER_RTT_printf.o
LOAD build/debug/application/chassis/chassis.o
LOAD build/debug/application/cmd/robot_cmd.o
LOAD build/debug/application/paw/paw.o
LOAD build/debug/application/robot.o
LOAD build/debug/application/shoot/shoot.o
LOAD build/debug/bsp/bsp_delay/bsp_delay.o
LOAD build/debug/bsp/bsp_spi/bsp_spi.o
LOAD build/debug/bsp/can/bsp_can.o
LOAD build/debug/bsp/dwt/bsp_dwt.o
LOAD build/debug/bsp/log/bsp_log.o
LOAD build/debug/bsp/pwm/bsp_pwm.o
LOAD build/debug/bsp/usart/bsp_usart.o
LOAD build/debug/moudels/alarm/buzzer.o
LOAD build/debug/moudels/algorithm/MahonyAHRS.o
LOAD build/debug/moudels/algorithm/QuaternionEKF.o
LOAD build/debug/moudels/algorithm/controller.o
LOAD build/debug/moudels/algorithm/kalman_filter.o
LOAD build/debug/moudels/algorithm/pid.o
LOAD build/debug/moudels/algorithm/user_lib.o
LOAD build/debug/moudels/daemon/daemon.o
LOAD build/debug/moudels/distance/distance.o
LOAD build/debug/moudels/imu/BMI088Middleware.o
LOAD build/debug/moudels/imu/BMI088driver.o
LOAD build/debug/moudels/imu/ins_task.o
LOAD build/debug/moudels/message_center/message_center.o
LOAD build/debug/moudels/motor/DJImotor/dji_motor.o
LOAD build/debug/moudels/motor/MImotor/MImotor.o
LOAD build/debug/moudels/motor/motor_task.o
LOAD build/debug/moudels/remote/remote_control.o
LOAD build/debug/Middlewares/Third_Party/SEGGER/RTT/SEGGER_RTT_ASM_ARMv7M.o
LOAD build/debug/startup_stm32f407xx.o
LOAD Middlewares/ST/ARM/DSP/Lib/libCMSISDSP.a
LOAD c:/Users/WS-XIAOYA/AppData/Roaming/Code/User/globalStorage/bmd.stm32-for-vscode/@xpack-dev-tools/arm-none-eabi-gcc/13.2.1-1.1.1/.content/bin/../lib/gcc/arm-none-eabi/13.2.1/../../../../arm-none-eabi/lib/thumb/v7e-m+fp/hard\libc_nano.a
LOAD c:/Users/WS-XIAOYA/AppData/Roaming/Code/User/globalStorage/bmd.stm32-for-vscode/@xpack-dev-tools/arm-none-eabi-gcc/13.2.1-1.1.1/.content/bin/../lib/gcc/arm-none-eabi/13.2.1/../../../../arm-none-eabi/lib/thumb/v7e-m+fp/hard\libm.a
LOAD c:/Users/WS-XIAOYA/AppData/Roaming/Code/User/globalStorage/bmd.stm32-for-vscode/@xpack-dev-tools/arm-none-eabi-gcc/13.2.1-1.1.1/.content/bin/../lib/gcc/arm-none-eabi/13.2.1/../../../../arm-none-eabi/lib/thumb/v7e-m+fp/hard\libnosys.a
START GROUP
LOAD c:/Users/WS-XIAOYA/AppData/Roaming/Code/User/globalStorage/bmd.stm32-for-vscode/@xpack-dev-tools/arm-none-eabi-gcc/13.2.1-1.1.1/.content/bin/../lib/gcc/arm-none-eabi/13.2.1/thumb/v7e-m+fp/hard\libgcc.a
LOAD c:/Users/WS-XIAOYA/AppData/Roaming/Code/User/globalStorage/bmd.stm32-for-vscode/@xpack-dev-tools/arm-none-eabi-gcc/13.2.1-1.1.1/.content/bin/../lib/gcc/arm-none-eabi/13.2.1/../../../../arm-none-eabi/lib/thumb/v7e-m+fp/hard\libc_nano.a
END GROUP
START GROUP
LOAD c:/Users/WS-XIAOYA/AppData/Roaming/Code/User/globalStorage/bmd.stm32-for-vscode/@xpack-dev-tools/arm-none-eabi-gcc/13.2.1-1.1.1/.content/bin/../lib/gcc/arm-none-eabi/13.2.1/thumb/v7e-m+fp/hard\libgcc.a
LOAD c:/Users/WS-XIAOYA/AppData/Roaming/Code/User/globalStorage/bmd.stm32-for-vscode/@xpack-dev-tools/arm-none-eabi-gcc/13.2.1-1.1.1/.content/bin/../lib/gcc/arm-none-eabi/13.2.1/../../../../arm-none-eabi/lib/thumb/v7e-m+fp/hard\libc_nano.a
END GROUP
LOAD c:/Users/WS-XIAOYA/AppData/Roaming/Code/User/globalStorage/bmd.stm32-for-vscode/@xpack-dev-tools/arm-none-eabi-gcc/13.2.1-1.1.1/.content/bin/../lib/gcc/arm-none-eabi/13.2.1/thumb/v7e-m+fp/hard/crtend.o
LOAD c:/Users/WS-XIAOYA/AppData/Roaming/Code/User/globalStorage/bmd.stm32-for-vscode/@xpack-dev-tools/arm-none-eabi-gcc/13.2.1-1.1.1/.content/bin/../lib/gcc/arm-none-eabi/13.2.1/thumb/v7e-m+fp/hard/crtn.o
                0x20020000                        _estack = (ORIGIN (RAM) + LENGTH (RAM))
                0x00000200                        _Min_Heap_Size = 0x200
                0x00000400                        _Min_Stack_Size = 0x400

.isr_vector     0x08000000      0x188
                0x08000000                        . = ALIGN (0x4)
 *(.isr_vector)
 .isr_vector    0x08000000      0x188 build/debug/startup_stm32f407xx.o
                0x08000000                g_pfnVectors
                0x08000188                        . = ALIGN (0x4)

.text           0x08000190     0x9468
                0x08000190                        . = ALIGN (0x4)
 *(.text)
 .text          0x08000190       0x14 c:/Users/WS-XIAOYA/AppData/Roaming/Code/User/globalStorage/bmd.stm32-for-vscode/@xpack-dev-tools/arm-none-eabi-gcc/13.2.1-1.1.1/.content/bin/../lib/gcc/arm-none-eabi/13.2.1/../../../../arm-none-eabi/lib/thumb/v7e-m+fp/hard\libc_nano.a(libc_a-strcmp.o)
                0x08000190                strcmp
 .text          0x080001a4       0x10 c:/Users/WS-XIAOYA/AppData/Roaming/Code/User/globalStorage/bmd.stm32-for-vscode/@xpack-dev-tools/arm-none-eabi-gcc/13.2.1-1.1.1/.content/bin/../lib/gcc/arm-none-eabi/13.2.1/../../../../arm-none-eabi/lib/thumb/v7e-m+fp/hard\libc_nano.a(libc_a-strlen.o)
                0x080001a4                strlen
 *fill*         0x080001b4        0xc 
 .text          0x080001c0       0xa0 c:/Users/WS-XIAOYA/AppData/Roaming/Code/User/globalStorage/bmd.stm32-for-vscode/@xpack-dev-tools/arm-none-eabi-gcc/13.2.1-1.1.1/.content/bin/../lib/gcc/arm-none-eabi/13.2.1/../../../../arm-none-eabi/lib/thumb/v7e-m+fp/hard\libc_nano.a(libc_a-memchr.o)
                0x080001c0                memchr
 .text          0x08000260      0x378 c:/Users/WS-XIAOYA/AppData/Roaming/Code/User/globalStorage/bmd.stm32-for-vscode/@xpack-dev-tools/arm-none-eabi-gcc/13.2.1-1.1.1/.content/bin/../lib/gcc/arm-none-eabi/13.2.1/thumb/v7e-m+fp/hard\libgcc.a(_arm_addsubdf3.o)
                0x08000260                __aeabi_drsub
                0x08000268                __aeabi_dsub
                0x08000268                __subdf3
                0x0800026c                __aeabi_dadd
                0x0800026c                __adddf3
                0x080004e4                __floatunsidf
                0x080004e4                __aeabi_ui2d
                0x08000504                __floatsidf
                0x08000504                __aeabi_i2d
                0x08000528                __aeabi_f2d
                0x08000528                __extendsfdf2
                0x0800056c                __floatundidf
                0x0800056c                __aeabi_ul2d
                0x0800057c                __floatdidf
                0x0800057c                __aeabi_l2d
 .text          0x080005d8      0x424 c:/Users/WS-XIAOYA/AppData/Roaming/Code/User/globalStorage/bmd.stm32-for-vscode/@xpack-dev-tools/arm-none-eabi-gcc/13.2.1-1.1.1/.content/bin/../lib/gcc/arm-none-eabi/13.2.1/thumb/v7e-m+fp/hard\libgcc.a(_arm_muldivdf3.o)
                0x080005d8                __aeabi_dmul
                0x080005d8                __muldf3
                0x0800082c                __divdf3
                0x0800082c                __aeabi_ddiv
 .text          0x080009fc       0xa0 c:/Users/WS-XIAOYA/AppData/Roaming/Code/User/globalStorage/bmd.stm32-for-vscode/@xpack-dev-tools/arm-none-eabi-gcc/13.2.1-1.1.1/.content/bin/../lib/gcc/arm-none-eabi/13.2.1/thumb/v7e-m+fp/hard\libgcc.a(_arm_truncdfsf2.o)
                0x080009fc                __truncdfsf2
                0x080009fc                __aeabi_d2f
 .text          0x08000a9c       0x30 c:/Users/WS-XIAOYA/AppData/Roaming/Code/User/globalStorage/bmd.stm32-for-vscode/@xpack-dev-tools/arm-none-eabi-gcc/13.2.1-1.1.1/.content/bin/../lib/gcc/arm-none-eabi/13.2.1/thumb/v7e-m+fp/hard\libgcc.a(_aeabi_uldivmod.o)
                0x08000a9c                __aeabi_uldivmod
 .text          0x08000acc        0x4 c:/Users/WS-XIAOYA/AppData/Roaming/Code/User/globalStorage/bmd.stm32-for-vscode/@xpack-dev-tools/arm-none-eabi-gcc/13.2.1-1.1.1/.content/bin/../lib/gcc/arm-none-eabi/13.2.1/thumb/v7e-m+fp/hard\libgcc.a(_dvmd_tls.o)
                0x08000acc                __aeabi_idiv0
                0x08000acc                __aeabi_ldiv0
 *(.text*)
 .text.__do_global_dtors_aux
                0x08000ad0       0x24 c:/Users/WS-XIAOYA/AppData/Roaming/Code/User/globalStorage/bmd.stm32-for-vscode/@xpack-dev-tools/arm-none-eabi-gcc/13.2.1-1.1.1/.content/bin/../lib/gcc/arm-none-eabi/13.2.1/thumb/v7e-m+fp/hard/crtbegin.o
 .text.frame_dummy
                0x08000af4       0x1c c:/Users/WS-XIAOYA/AppData/Roaming/Code/User/globalStorage/bmd.stm32-for-vscode/@xpack-dev-tools/arm-none-eabi-gcc/13.2.1-1.1.1/.content/bin/../lib/gcc/arm-none-eabi/13.2.1/thumb/v7e-m+fp/hard/crtbegin.o
 .text.MX_CAN1_Init
                0x08000b10       0x40 build/debug/Core/Src/can.o
                0x08000b10                MX_CAN1_Init
 .text.MX_CAN2_Init
                0x08000b50       0x40 build/debug/Core/Src/can.o
                0x08000b50                MX_CAN2_Init
 .text.HAL_CAN_MspInit
                0x08000b90      0x180 build/debug/Core/Src/can.o
                0x08000b90                HAL_CAN_MspInit
 .text.MX_DMA_Init
                0x08000d10       0xb8 build/debug/Core/Src/dma.o
                0x08000d10                MX_DMA_Init
 .text.vApplicationGetIdleTaskMemory
                0x08000dc8       0x18 build/debug/Core/Src/freertos.o
                0x08000dc8                vApplicationGetIdleTaskMemory
 .text.vApplicationGetTimerTaskMemory
                0x08000de0       0x18 build/debug/Core/Src/freertos.o
                0x08000de0                vApplicationGetTimerTaskMemory
 .text.MX_FREERTOS_Init
                0x08000df8        0x2 build/debug/Core/Src/freertos.o
                0x08000df8                MX_FREERTOS_Init
 *fill*         0x08000dfa        0x2 
 .text.MX_GPIO_Init
                0x08000dfc      0x184 build/debug/Core/Src/gpio.o
                0x08000dfc                MX_GPIO_Init
 .text.MX_I2C3_Init
                0x08000f80       0x3c build/debug/Core/Src/i2c.o
                0x08000f80                MX_I2C3_Init
 .text.HAL_I2C_MspInit
                0x08000fbc       0xa8 build/debug/Core/Src/i2c.o
                0x08000fbc                HAL_I2C_MspInit
 .text.Error_Handler
                0x08001064        0x4 build/debug/Core/Src/main.o
                0x08001064                Error_Handler
 .text.SystemClock_Config
                0x08001068       0xa8 build/debug/Core/Src/main.o
                0x08001068                SystemClock_Config
 .text.main     0x08001110       0x4c build/debug/Core/Src/main.o
                0x08001110                main
 .text.MX_SPI1_Init
                0x0800115c       0x48 build/debug/Core/Src/spi.o
                0x0800115c                MX_SPI1_Init
 .text.HAL_SPI_MspInit
                0x080011a4      0x130 build/debug/Core/Src/spi.o
                0x080011a4                HAL_SPI_MspInit
 .text.HAL_MspInit
                0x080012d4       0x44 build/debug/Core/Src/stm32f4xx_hal_msp.o
                0x080012d4                HAL_MspInit
 .text.NMI_Handler
                0x08001318        0x2 build/debug/Core/Src/stm32f4xx_it.o
                0x08001318                NMI_Handler
 .text.HardFault_Handler
                0x0800131a        0x2 build/debug/Core/Src/stm32f4xx_it.o
                0x0800131a                HardFault_Handler
 .text.MemManage_Handler
                0x0800131c        0x2 build/debug/Core/Src/stm32f4xx_it.o
                0x0800131c                MemManage_Handler
 .text.BusFault_Handler
                0x0800131e        0x2 build/debug/Core/Src/stm32f4xx_it.o
                0x0800131e                BusFault_Handler
 .text.UsageFault_Handler
                0x08001320        0x2 build/debug/Core/Src/stm32f4xx_it.o
                0x08001320                UsageFault_Handler
 .text.DebugMon_Handler
                0x08001322        0x2 build/debug/Core/Src/stm32f4xx_it.o
                0x08001322                DebugMon_Handler
 .text.SysTick_Handler
                0x08001324       0x16 build/debug/Core/Src/stm32f4xx_it.o
                0x08001324                SysTick_Handler
 .text.EXTI0_IRQHandler
                0x0800133a        0xa build/debug/Core/Src/stm32f4xx_it.o
                0x0800133a                EXTI0_IRQHandler
 .text.EXTI3_IRQHandler
                0x08001344        0xa build/debug/Core/Src/stm32f4xx_it.o
                0x08001344                EXTI3_IRQHandler
 .text.EXTI4_IRQHandler
                0x0800134e        0xa build/debug/Core/Src/stm32f4xx_it.o
                0x0800134e                EXTI4_IRQHandler
 .text.DMA1_Stream1_IRQHandler
                0x08001358       0x10 build/debug/Core/Src/stm32f4xx_it.o
                0x08001358                DMA1_Stream1_IRQHandler
 .text.DMA1_Stream3_IRQHandler
                0x08001368       0x10 build/debug/Core/Src/stm32f4xx_it.o
                0x08001368                DMA1_Stream3_IRQHandler
 .text.CAN1_TX_IRQHandler
                0x08001378       0x10 build/debug/Core/Src/stm32f4xx_it.o
                0x08001378                CAN1_TX_IRQHandler
 .text.CAN1_RX0_IRQHandler
                0x08001388       0x10 build/debug/Core/Src/stm32f4xx_it.o
                0x08001388                CAN1_RX0_IRQHandler
 .text.CAN1_RX1_IRQHandler
                0x08001398       0x10 build/debug/Core/Src/stm32f4xx_it.o
                0x08001398                CAN1_RX1_IRQHandler
 .text.CAN1_SCE_IRQHandler
                0x080013a8       0x10 build/debug/Core/Src/stm32f4xx_it.o
                0x080013a8                CAN1_SCE_IRQHandler
 .text.EXTI9_5_IRQHandler
                0x080013b8        0xa build/debug/Core/Src/stm32f4xx_it.o
                0x080013b8                EXTI9_5_IRQHandler
 *fill*         0x080013c2        0x2 
 .text.USART1_IRQHandler
                0x080013c4       0x10 build/debug/Core/Src/stm32f4xx_it.o
                0x080013c4                USART1_IRQHandler
 .text.USART3_IRQHandler
                0x080013d4       0x10 build/debug/Core/Src/stm32f4xx_it.o
                0x080013d4                USART3_IRQHandler
 .text.DMA2_Stream1_IRQHandler
                0x080013e4       0x10 build/debug/Core/Src/stm32f4xx_it.o
                0x080013e4                DMA2_Stream1_IRQHandler
 .text.DMA2_Stream2_IRQHandler
                0x080013f4       0x10 build/debug/Core/Src/stm32f4xx_it.o
                0x080013f4                DMA2_Stream2_IRQHandler
 .text.DMA2_Stream3_IRQHandler
                0x08001404       0x10 build/debug/Core/Src/stm32f4xx_it.o
                0x08001404                DMA2_Stream3_IRQHandler
 .text.CAN2_TX_IRQHandler
                0x08001414       0x10 build/debug/Core/Src/stm32f4xx_it.o
                0x08001414                CAN2_TX_IRQHandler
 .text.CAN2_RX0_IRQHandler
                0x08001424       0x10 build/debug/Core/Src/stm32f4xx_it.o
                0x08001424                CAN2_RX0_IRQHandler
 .text.CAN2_RX1_IRQHandler
                0x08001434       0x10 build/debug/Core/Src/stm32f4xx_it.o
                0x08001434                CAN2_RX1_IRQHandler
 .text.CAN2_SCE_IRQHandler
                0x08001444       0x10 build/debug/Core/Src/stm32f4xx_it.o
                0x08001444                CAN2_SCE_IRQHandler
 .text.DMA2_Stream5_IRQHandler
                0x08001454       0x10 build/debug/Core/Src/stm32f4xx_it.o
                0x08001454                DMA2_Stream5_IRQHandler
 .text.DMA2_Stream6_IRQHandler
                0x08001464       0x10 build/debug/Core/Src/stm32f4xx_it.o
                0x08001464                DMA2_Stream6_IRQHandler
 .text.DMA2_Stream7_IRQHandler
                0x08001474       0x10 build/debug/Core/Src/stm32f4xx_it.o
                0x08001474                DMA2_Stream7_IRQHandler
 .text.USART6_IRQHandler
                0x08001484       0x10 build/debug/Core/Src/stm32f4xx_it.o
                0x08001484                USART6_IRQHandler
 .text.SystemInit
                0x08001494       0x14 build/debug/Core/Src/system_stm32f4xx.o
                0x08001494                SystemInit
 .text.HAL_TIM_Base_MspInit
                0x080014a8       0x78 build/debug/Core/Src/tim.o
                0x080014a8                HAL_TIM_Base_MspInit
 .text.HAL_TIM_MspPostInit
                0x08001520       0xe0 build/debug/Core/Src/tim.o
                0x08001520                HAL_TIM_MspPostInit
 .text.MX_TIM4_Init
                0x08001600       0xb0 build/debug/Core/Src/tim.o
                0x08001600                MX_TIM4_Init
 .text.MX_TIM5_Init
                0x080016b0       0xd4 build/debug/Core/Src/tim.o
                0x080016b0                MX_TIM5_Init
 .text.MX_TIM10_Init
                0x08001784       0x74 build/debug/Core/Src/tim.o
                0x08001784                MX_TIM10_Init
 .text.MX_USART1_UART_Init
                0x080017f8       0x38 build/debug/Core/Src/usart.o
                0x080017f8                MX_USART1_UART_Init
 .text.MX_USART3_UART_Init
                0x08001830       0x3c build/debug/Core/Src/usart.o
                0x08001830                MX_USART3_UART_Init
 .text.MX_USART6_UART_Init
                0x0800186c       0x34 build/debug/Core/Src/usart.o
                0x0800186c                MX_USART6_UART_Init
 .text.HAL_UART_MspInit
                0x080018a0      0x30c build/debug/Core/Src/usart.o
                0x080018a0                HAL_UART_MspInit
 .text.HAL_InitTick
                0x08001bac       0x4c build/debug/Drivers/STM32F4xx_HAL_Driver/Src/stm32f4xx_hal.o
                0x08001bac                HAL_InitTick
 .text.HAL_Init
                0x08001bf8       0x34 build/debug/Drivers/STM32F4xx_HAL_Driver/Src/stm32f4xx_hal.o
                0x08001bf8                HAL_Init
 .text.HAL_IncTick
                0x08001c2c       0x18 build/debug/Drivers/STM32F4xx_HAL_Driver/Src/stm32f4xx_hal.o
                0x08001c2c                HAL_IncTick
 .text.HAL_GetTick
                0x08001c44        0xc build/debug/Drivers/STM32F4xx_HAL_Driver/Src/stm32f4xx_hal.o
                0x08001c44                HAL_GetTick
 .text.HAL_CAN_Init
                0x08001c50      0x14c build/debug/Drivers/STM32F4xx_HAL_Driver/Src/stm32f4xx_hal_can.o
                0x08001c50                HAL_CAN_Init
 .text.HAL_CAN_ConfigFilter
                0x08001d9c      0x138 build/debug/Drivers/STM32F4xx_HAL_Driver/Src/stm32f4xx_hal_can.o
                0x08001d9c                HAL_CAN_ConfigFilter
 .text.HAL_CAN_Start
                0x08001ed4       0x5c build/debug/Drivers/STM32F4xx_HAL_Driver/Src/stm32f4xx_hal_can.o
                0x08001ed4                HAL_CAN_Start
 .text.HAL_CAN_AddTxMessage
                0x08001f30       0xea build/debug/Drivers/STM32F4xx_HAL_Driver/Src/stm32f4xx_hal_can.o
                0x08001f30                HAL_CAN_AddTxMessage
 .text.HAL_CAN_GetTxMailboxesFreeLevel
                0x0800201a       0x32 build/debug/Drivers/STM32F4xx_HAL_Driver/Src/stm32f4xx_hal_can.o
                0x0800201a                HAL_CAN_GetTxMailboxesFreeLevel
 .text.HAL_CAN_GetRxMessage
                0x0800204c      0x16a build/debug/Drivers/STM32F4xx_HAL_Driver/Src/stm32f4xx_hal_can.o
                0x0800204c                HAL_CAN_GetRxMessage
 .text.HAL_CAN_GetRxFifoFillLevel
                0x080021b6       0x26 build/debug/Drivers/STM32F4xx_HAL_Driver/Src/stm32f4xx_hal_can.o
                0x080021b6                HAL_CAN_GetRxFifoFillLevel
 .text.HAL_CAN_ActivateNotification
                0x080021dc       0x24 build/debug/Drivers/STM32F4xx_HAL_Driver/Src/stm32f4xx_hal_can.o
                0x080021dc                HAL_CAN_ActivateNotification
 .text.HAL_CAN_TxMailbox0CompleteCallback
                0x08002200        0x2 build/debug/Drivers/STM32F4xx_HAL_Driver/Src/stm32f4xx_hal_can.o
                0x08002200                HAL_CAN_TxMailbox0CompleteCallback
 .text.HAL_CAN_TxMailbox1CompleteCallback
                0x08002202        0x2 build/debug/Drivers/STM32F4xx_HAL_Driver/Src/stm32f4xx_hal_can.o
                0x08002202                HAL_CAN_TxMailbox1CompleteCallback
 .text.HAL_CAN_TxMailbox2CompleteCallback
                0x08002204        0x2 build/debug/Drivers/STM32F4xx_HAL_Driver/Src/stm32f4xx_hal_can.o
                0x08002204                HAL_CAN_TxMailbox2CompleteCallback
 .text.HAL_CAN_TxMailbox0AbortCallback
                0x08002206        0x2 build/debug/Drivers/STM32F4xx_HAL_Driver/Src/stm32f4xx_hal_can.o
                0x08002206                HAL_CAN_TxMailbox0AbortCallback
 .text.HAL_CAN_TxMailbox1AbortCallback
                0x08002208        0x2 build/debug/Drivers/STM32F4xx_HAL_Driver/Src/stm32f4xx_hal_can.o
                0x08002208                HAL_CAN_TxMailbox1AbortCallback
 .text.HAL_CAN_TxMailbox2AbortCallback
                0x0800220a        0x2 build/debug/Drivers/STM32F4xx_HAL_Driver/Src/stm32f4xx_hal_can.o
                0x0800220a                HAL_CAN_TxMailbox2AbortCallback
 .text.HAL_CAN_RxFifo0FullCallback
                0x0800220c        0x2 build/debug/Drivers/STM32F4xx_HAL_Driver/Src/stm32f4xx_hal_can.o
                0x0800220c                HAL_CAN_RxFifo0FullCallback
 .text.HAL_CAN_RxFifo1FullCallback
                0x0800220e        0x2 build/debug/Drivers/STM32F4xx_HAL_Driver/Src/stm32f4xx_hal_can.o
                0x0800220e                HAL_CAN_RxFifo1FullCallback
 .text.HAL_CAN_SleepCallback
                0x08002210        0x2 build/debug/Drivers/STM32F4xx_HAL_Driver/Src/stm32f4xx_hal_can.o
                0x08002210                HAL_CAN_SleepCallback
 .text.HAL_CAN_WakeUpFromRxMsgCallback
                0x08002212        0x2 build/debug/Drivers/STM32F4xx_HAL_Driver/Src/stm32f4xx_hal_can.o
                0x08002212                HAL_CAN_WakeUpFromRxMsgCallback
 .text.HAL_CAN_ErrorCallback
                0x08002214        0x2 build/debug/Drivers/STM32F4xx_HAL_Driver/Src/stm32f4xx_hal_can.o
                0x08002214                HAL_CAN_ErrorCallback
 .text.HAL_CAN_IRQHandler
                0x08002216      0x250 build/debug/Drivers/STM32F4xx_HAL_Driver/Src/stm32f4xx_hal_can.o
                0x08002216                HAL_CAN_IRQHandler
 *fill*         0x08002466        0x2 
 .text.__NVIC_EnableIRQ
                0x08002468       0x1c build/debug/Drivers/STM32F4xx_HAL_Driver/Src/stm32f4xx_hal_cortex.o
 .text.__NVIC_SetPriority
                0x08002484       0x28 build/debug/Drivers/STM32F4xx_HAL_Driver/Src/stm32f4xx_hal_cortex.o
 .text.NVIC_EncodePriority
                0x080024ac       0x3e build/debug/Drivers/STM32F4xx_HAL_Driver/Src/stm32f4xx_hal_cortex.o
 *fill*         0x080024ea        0x2 
 .text.HAL_NVIC_SetPriorityGrouping
                0x080024ec       0x24 build/debug/Drivers/STM32F4xx_HAL_Driver/Src/stm32f4xx_hal_cortex.o
                0x080024ec                HAL_NVIC_SetPriorityGrouping
 .text.HAL_NVIC_SetPriority
                0x08002510       0x20 build/debug/Drivers/STM32F4xx_HAL_Driver/Src/stm32f4xx_hal_cortex.o
                0x08002510                HAL_NVIC_SetPriority
 .text.HAL_NVIC_EnableIRQ
                0x08002530        0x8 build/debug/Drivers/STM32F4xx_HAL_Driver/Src/stm32f4xx_hal_cortex.o
                0x08002530                HAL_NVIC_EnableIRQ
 .text.HAL_SYSTICK_Config
                0x08002538       0x28 build/debug/Drivers/STM32F4xx_HAL_Driver/Src/stm32f4xx_hal_cortex.o
                0x08002538                HAL_SYSTICK_Config
 .text.DMA_SetConfig
                0x08002560       0x2c build/debug/Drivers/STM32F4xx_HAL_Driver/Src/stm32f4xx_hal_dma.o
 .text.DMA_CalcBaseAndBitshift
                0x0800258c       0x3c build/debug/Drivers/STM32F4xx_HAL_Driver/Src/stm32f4xx_hal_dma.o
 .text.DMA_CheckFifoParam
                0x080025c8       0x8e build/debug/Drivers/STM32F4xx_HAL_Driver/Src/stm32f4xx_hal_dma.o
 *fill*         0x08002656        0x2 
 .text.HAL_DMA_Init
                0x08002658       0xcc build/debug/Drivers/STM32F4xx_HAL_Driver/Src/stm32f4xx_hal_dma.o
                0x08002658                HAL_DMA_Init
 .text.HAL_DMA_Start_IT
                0x08002724       0x6a build/debug/Drivers/STM32F4xx_HAL_Driver/Src/stm32f4xx_hal_dma.o
                0x08002724                HAL_DMA_Start_IT
 .text.HAL_DMA_Abort
                0x0800278e       0x94 build/debug/Drivers/STM32F4xx_HAL_Driver/Src/stm32f4xx_hal_dma.o
                0x0800278e                HAL_DMA_Abort
 .text.HAL_DMA_Abort_IT
                0x08002822       0x26 build/debug/Drivers/STM32F4xx_HAL_Driver/Src/stm32f4xx_hal_dma.o
                0x08002822                HAL_DMA_Abort_IT
 .text.HAL_DMA_IRQHandler
                0x08002848      0x1dc build/debug/Drivers/STM32F4xx_HAL_Driver/Src/stm32f4xx_hal_dma.o
                0x08002848                HAL_DMA_IRQHandler
 .text.HAL_GPIO_Init
                0x08002a24      0x1ec build/debug/Drivers/STM32F4xx_HAL_Driver/Src/stm32f4xx_hal_gpio.o
                0x08002a24                HAL_GPIO_Init
 .text.HAL_GPIO_WritePin
                0x08002c10        0xc build/debug/Drivers/STM32F4xx_HAL_Driver/Src/stm32f4xx_hal_gpio.o
                0x08002c10                HAL_GPIO_WritePin
 .text.HAL_GPIO_EXTI_Callback
                0x08002c1c        0x2 build/debug/Drivers/STM32F4xx_HAL_Driver/Src/stm32f4xx_hal_gpio.o
                0x08002c1c                HAL_GPIO_EXTI_Callback
 *fill*         0x08002c1e        0x2 
 .text.HAL_GPIO_EXTI_IRQHandler
                0x08002c20       0x1c build/debug/Drivers/STM32F4xx_HAL_Driver/Src/stm32f4xx_hal_gpio.o
                0x08002c20                HAL_GPIO_EXTI_IRQHandler
 .text.HAL_I2C_Init
                0x08002c3c      0x1bc build/debug/Drivers/STM32F4xx_HAL_Driver/Src/stm32f4xx_hal_i2c.o
                0x08002c3c                HAL_I2C_Init
 .text.HAL_RCC_OscConfig
                0x08002df8      0x3f8 build/debug/Drivers/STM32F4xx_HAL_Driver/Src/stm32f4xx_hal_rcc.o
                0x08002df8                HAL_RCC_OscConfig
 .text.HAL_RCC_GetSysClockFreq
                0x080031f0       0xa8 build/debug/Drivers/STM32F4xx_HAL_Driver/Src/stm32f4xx_hal_rcc.o
                0x080031f0                HAL_RCC_GetSysClockFreq
 .text.HAL_RCC_ClockConfig
                0x08003298      0x160 build/debug/Drivers/STM32F4xx_HAL_Driver/Src/stm32f4xx_hal_rcc.o
                0x08003298                HAL_RCC_ClockConfig
 .text.HAL_RCC_GetHCLKFreq
                0x080033f8        0xc build/debug/Drivers/STM32F4xx_HAL_Driver/Src/stm32f4xx_hal_rcc.o
                0x080033f8                HAL_RCC_GetHCLKFreq
 .text.HAL_RCC_GetPCLK1Freq
                0x08003404       0x20 build/debug/Drivers/STM32F4xx_HAL_Driver/Src/stm32f4xx_hal_rcc.o
                0x08003404                HAL_RCC_GetPCLK1Freq
 .text.HAL_RCC_GetPCLK2Freq
                0x08003424       0x20 build/debug/Drivers/STM32F4xx_HAL_Driver/Src/stm32f4xx_hal_rcc.o
                0x08003424                HAL_RCC_GetPCLK2Freq
 .text.HAL_SPI_Init
                0x08003444       0xbe build/debug/Drivers/STM32F4xx_HAL_Driver/Src/stm32f4xx_hal_spi.o
                0x08003444                HAL_SPI_Init
 *fill*         0x08003502        0x2 
 .text.TIM_OC1_SetConfig
                0x08003504       0x70 build/debug/Drivers/STM32F4xx_HAL_Driver/Src/stm32f4xx_hal_tim.o
 .text.TIM_OC3_SetConfig
                0x08003574       0x70 build/debug/Drivers/STM32F4xx_HAL_Driver/Src/stm32f4xx_hal_tim.o
 .text.TIM_OC4_SetConfig
                0x080035e4       0x50 build/debug/Drivers/STM32F4xx_HAL_Driver/Src/stm32f4xx_hal_tim.o
 .text.TIM_TI1_ConfigInputStage
                0x08003634       0x26 build/debug/Drivers/STM32F4xx_HAL_Driver/Src/stm32f4xx_hal_tim.o
 .text.TIM_TI2_ConfigInputStage
                0x0800365a       0x28 build/debug/Drivers/STM32F4xx_HAL_Driver/Src/stm32f4xx_hal_tim.o
 .text.TIM_ITRx_SetConfig
                0x08003682       0x10 build/debug/Drivers/STM32F4xx_HAL_Driver/Src/stm32f4xx_hal_tim.o
 .text.HAL_TIM_PWM_MspInit
                0x08003692        0x2 build/debug/Drivers/STM32F4xx_HAL_Driver/Src/stm32f4xx_hal_tim.o
                0x08003692                HAL_TIM_PWM_MspInit
 .text.TIM_Base_SetConfig
                0x08003694       0xd8 build/debug/Drivers/STM32F4xx_HAL_Driver/Src/stm32f4xx_hal_tim.o
                0x08003694                TIM_Base_SetConfig
 .text.HAL_TIM_Base_Init
                0x0800376c       0x58 build/debug/Drivers/STM32F4xx_HAL_Driver/Src/stm32f4xx_hal_tim.o
                0x0800376c                HAL_TIM_Base_Init
 .text.HAL_TIM_PWM_Init
                0x080037c4       0x58 build/debug/Drivers/STM32F4xx_HAL_Driver/Src/stm32f4xx_hal_tim.o
                0x080037c4                HAL_TIM_PWM_Init
 .text.TIM_OC2_SetConfig
                0x0800381c       0x70 build/debug/Drivers/STM32F4xx_HAL_Driver/Src/stm32f4xx_hal_tim.o
                0x0800381c                TIM_OC2_SetConfig
 .text.HAL_TIM_PWM_ConfigChannel
                0x0800388c       0xdc build/debug/Drivers/STM32F4xx_HAL_Driver/Src/stm32f4xx_hal_tim.o
                0x0800388c                HAL_TIM_PWM_ConfigChannel
 .text.TIM_ETR_SetConfig
                0x08003968       0x1a build/debug/Drivers/STM32F4xx_HAL_Driver/Src/stm32f4xx_hal_tim.o
                0x08003968                TIM_ETR_SetConfig
 .text.HAL_TIM_ConfigClockSource
                0x08003982       0xfe build/debug/Drivers/STM32F4xx_HAL_Driver/Src/stm32f4xx_hal_tim.o
                0x08003982                HAL_TIM_ConfigClockSource
 .text.TIM_CCxChannelCmd
                0x08003a80       0x1e build/debug/Drivers/STM32F4xx_HAL_Driver/Src/stm32f4xx_hal_tim.o
                0x08003a80                TIM_CCxChannelCmd
 *fill*         0x08003a9e        0x2 
 .text.HAL_TIM_PWM_Start
                0x08003aa0      0x104 build/debug/Drivers/STM32F4xx_HAL_Driver/Src/stm32f4xx_hal_tim.o
                0x08003aa0                HAL_TIM_PWM_Start
 .text.HAL_TIMEx_MasterConfigSynchronization
                0x08003ba4       0x8c build/debug/Drivers/STM32F4xx_HAL_Driver/Src/stm32f4xx_hal_tim_ex.o
                0x08003ba4                HAL_TIMEx_MasterConfigSynchronization
 .text.UART_EndTxTransfer
                0x08003c30       0x20 build/debug/Drivers/STM32F4xx_HAL_Driver/Src/stm32f4xx_hal_uart.o
 .text.UART_EndRxTransfer
                0x08003c50       0x5c build/debug/Drivers/STM32F4xx_HAL_Driver/Src/stm32f4xx_hal_uart.o
 .text.UART_Transmit_IT
                0x08003cac       0x60 build/debug/Drivers/STM32F4xx_HAL_Driver/Src/stm32f4xx_hal_uart.o
 .text.UART_SetConfig
                0x08003d0c      0x110 build/debug/Drivers/STM32F4xx_HAL_Driver/Src/stm32f4xx_hal_uart.o
 .text.HAL_UART_Init
                0x08003e1c       0x60 build/debug/Drivers/STM32F4xx_HAL_Driver/Src/stm32f4xx_hal_uart.o
                0x08003e1c                HAL_UART_Init
 .text.HAL_UART_Transmit_DMA
                0x08003e7c       0x84 build/debug/Drivers/STM32F4xx_HAL_Driver/Src/stm32f4xx_hal_uart.o
                0x08003e7c                HAL_UART_Transmit_DMA
 .text.HAL_UART_TxCpltCallback
                0x08003f00        0x2 build/debug/Drivers/STM32F4xx_HAL_Driver/Src/stm32f4xx_hal_uart.o
                0x08003f00                HAL_UART_TxCpltCallback
 .text.UART_DMATransmitCplt
                0x08003f02       0x4c build/debug/Drivers/STM32F4xx_HAL_Driver/Src/stm32f4xx_hal_uart.o
 .text.UART_EndTransmit_IT
                0x08003f4e       0x1a build/debug/Drivers/STM32F4xx_HAL_Driver/Src/stm32f4xx_hal_uart.o
 .text.HAL_UART_TxHalfCpltCallback
                0x08003f68        0x2 build/debug/Drivers/STM32F4xx_HAL_Driver/Src/stm32f4xx_hal_uart.o
                0x08003f68                HAL_UART_TxHalfCpltCallback
 .text.UART_DMATxHalfCplt
                0x08003f6a        0xa build/debug/Drivers/STM32F4xx_HAL_Driver/Src/stm32f4xx_hal_uart.o
 .text.HAL_UART_RxCpltCallback
                0x08003f74        0x2 build/debug/Drivers/STM32F4xx_HAL_Driver/Src/stm32f4xx_hal_uart.o
                0x08003f74                HAL_UART_RxCpltCallback
 .text.HAL_UART_RxHalfCpltCallback
                0x08003f76        0x2 build/debug/Drivers/STM32F4xx_HAL_Driver/Src/stm32f4xx_hal_uart.o
                0x08003f76                HAL_UART_RxHalfCpltCallback
 .text.UART_DMAError
                0x08003f78       0x58 build/debug/Drivers/STM32F4xx_HAL_Driver/Src/stm32f4xx_hal_uart.o
 .text.UART_DMAAbortOnError
                0x08003fd0       0x10 build/debug/Drivers/STM32F4xx_HAL_Driver/Src/stm32f4xx_hal_uart.o
 .text.UART_Receive_IT
                0x08003fe0       0xe6 build/debug/Drivers/STM32F4xx_HAL_Driver/Src/stm32f4xx_hal_uart.o
 *fill*         0x080040c6        0x2 
 .text.HAL_UART_IRQHandler
                0x080040c8      0x284 build/debug/Drivers/STM32F4xx_HAL_Driver/Src/stm32f4xx_hal_uart.o
                0x080040c8                HAL_UART_IRQHandler
 .text.UART_DMARxHalfCplt
                0x0800434c       0x1e build/debug/Drivers/STM32F4xx_HAL_Driver/Src/stm32f4xx_hal_uart.o
 .text.UART_DMAReceiveCplt
                0x0800436a       0x9a build/debug/Drivers/STM32F4xx_HAL_Driver/Src/stm32f4xx_hal_uart.o
 .text.UART_Start_Receive_DMA
                0x08004404       0xa4 build/debug/Drivers/STM32F4xx_HAL_Driver/Src/stm32f4xx_hal_uart.o
                0x08004404                UART_Start_Receive_DMA
 .text.HAL_UARTEx_ReceiveToIdle_DMA
                0x080044a8       0x66 build/debug/Drivers/STM32F4xx_HAL_Driver/Src/stm32f4xx_hal_uart.o
                0x080044a8                HAL_UARTEx_ReceiveToIdle_DMA
 .text.makeFreeRtosPriority
                0x0800450e        0xc build/debug/Middlewares/Third_Party/FreeRTOS/Source/CMSIS_RTOS/cmsis_os.o
 .text.osKernelStart
                0x0800451a        0xa build/debug/Middlewares/Third_Party/FreeRTOS/Source/CMSIS_RTOS/cmsis_os.o
                0x0800451a                osKernelStart
 .text.osThreadCreate
                0x08004524       0x66 build/debug/Middlewares/Third_Party/FreeRTOS/Source/CMSIS_RTOS/cmsis_os.o
                0x08004524                osThreadCreate
 .text.osDelay  0x0800458a        0xe build/debug/Middlewares/Third_Party/FreeRTOS/Source/CMSIS_RTOS/cmsis_os.o
                0x0800458a                osDelay
 .text.vListInitialise
                0x08004598       0x16 build/debug/Middlewares/Third_Party/FreeRTOS/Source/list.o
                0x08004598                vListInitialise
 .text.vListInitialiseItem
                0x080045ae        0x6 build/debug/Middlewares/Third_Party/FreeRTOS/Source/list.o
                0x080045ae                vListInitialiseItem
 .text.vListInsertEnd
                0x080045b4       0x16 build/debug/Middlewares/Third_Party/FreeRTOS/Source/list.o
                0x080045b4                vListInsertEnd
 .text.vListInsert
                0x080045ca       0x32 build/debug/Middlewares/Third_Party/FreeRTOS/Source/list.o
                0x080045ca                vListInsert
 .text.uxListRemove
                0x080045fc       0x26 build/debug/Middlewares/Third_Party/FreeRTOS/Source/list.o
                0x080045fc                uxListRemove
 *fill*         0x08004622        0x2 
 .text.prvTaskExitError
                0x08004624       0x40 build/debug/Middlewares/Third_Party/FreeRTOS/Source/portable/GCC/ARM_CM4F/port.o
 .text.prvPortStartFirstTask
                0x08004664       0x28 build/debug/Middlewares/Third_Party/FreeRTOS/Source/portable/GCC/ARM_CM4F/port.o
 .text.vPortEnableVFP
                0x0800468c       0x14 build/debug/Middlewares/Third_Party/FreeRTOS/Source/portable/GCC/ARM_CM4F/port.o
 .text.pxPortInitialiseStack
                0x080046a0       0x2c build/debug/Middlewares/Third_Party/FreeRTOS/Source/portable/GCC/ARM_CM4F/port.o
                0x080046a0                pxPortInitialiseStack
 *fill*         0x080046cc        0x4 
 .text.SVC_Handler
                0x080046d0       0x24 build/debug/Middlewares/Third_Party/FreeRTOS/Source/portable/GCC/ARM_CM4F/port.o
                0x080046d0                SVC_Handler
 .text.vPortEnterCritical
                0x080046f4       0x44 build/debug/Middlewares/Third_Party/FreeRTOS/Source/portable/GCC/ARM_CM4F/port.o
                0x080046f4                vPortEnterCritical
 .text.vPortExitCritical
                0x08004738       0x2c build/debug/Middlewares/Third_Party/FreeRTOS/Source/portable/GCC/ARM_CM4F/port.o
                0x08004738                vPortExitCritical
 *fill*         0x08004764        0xc 
 .text.PendSV_Handler
                0x08004770       0x64 build/debug/Middlewares/Third_Party/FreeRTOS/Source/portable/GCC/ARM_CM4F/port.o
                0x08004770                PendSV_Handler
 .text.xPortSysTickHandler
                0x080047d4       0x2c build/debug/Middlewares/Third_Party/FreeRTOS/Source/portable/GCC/ARM_CM4F/port.o
                0x080047d4                xPortSysTickHandler
 .text.vPortSetupTimerInterrupt
                0x08004800       0x28 build/debug/Middlewares/Third_Party/FreeRTOS/Source/portable/GCC/ARM_CM4F/port.o
                0x08004800                vPortSetupTimerInterrupt
 .text.xPortStartScheduler
                0x08004828      0x118 build/debug/Middlewares/Third_Party/FreeRTOS/Source/portable/GCC/ARM_CM4F/port.o
                0x08004828                xPortStartScheduler
 .text.vPortValidateInterruptPriority
                0x08004940       0x5c build/debug/Middlewares/Third_Party/FreeRTOS/Source/portable/GCC/ARM_CM4F/port.o
                0x08004940                vPortValidateInterruptPriority
 .text.prvHeapInit
                0x0800499c       0x64 build/debug/Middlewares/Third_Party/FreeRTOS/Source/portable/MemMang/heap_4.o
 .text.prvInsertBlockIntoFreeList
                0x08004a00       0x64 build/debug/Middlewares/Third_Party/FreeRTOS/Source/portable/MemMang/heap_4.o
 .text.pvPortMalloc
                0x08004a64      0x104 build/debug/Middlewares/Third_Party/FreeRTOS/Source/portable/MemMang/heap_4.o
                0x08004a64                pvPortMalloc
 .text.vPortFree
                0x08004b68       0x7c build/debug/Middlewares/Third_Party/FreeRTOS/Source/portable/MemMang/heap_4.o
                0x08004b68                vPortFree
 .text.prvIsQueueFull
                0x08004be4       0x1e build/debug/Middlewares/Third_Party/FreeRTOS/Source/queue.o
 .text.prvIsQueueEmpty
                0x08004c02       0x1a build/debug/Middlewares/Third_Party/FreeRTOS/Source/queue.o
 .text.prvCopyDataToQueue
                0x08004c1c       0x76 build/debug/Middlewares/Third_Party/FreeRTOS/Source/queue.o
 .text.prvCopyDataFromQueue
                0x08004c92       0x24 build/debug/Middlewares/Third_Party/FreeRTOS/Source/queue.o
 .text.prvUnlockQueue
                0x08004cb6       0x6e build/debug/Middlewares/Third_Party/FreeRTOS/Source/queue.o
 .text.xQueueGenericReset
                0x08004d24       0x84 build/debug/Middlewares/Third_Party/FreeRTOS/Source/queue.o
                0x08004d24                xQueueGenericReset
 .text.prvInitialiseNewQueue
                0x08004da8       0x1c build/debug/Middlewares/Third_Party/FreeRTOS/Source/queue.o
 .text.xQueueGenericCreateStatic
                0x08004dc4       0x94 build/debug/Middlewares/Third_Party/FreeRTOS/Source/queue.o
                0x08004dc4                xQueueGenericCreateStatic
 .text.xQueueGenericSend
                0x08004e58      0x188 build/debug/Middlewares/Third_Party/FreeRTOS/Source/queue.o
                0x08004e58                xQueueGenericSend
 .text.xQueueGenericSendFromISR
                0x08004fe0       0xce build/debug/Middlewares/Third_Party/FreeRTOS/Source/queue.o
                0x08004fe0                xQueueGenericSendFromISR
 .text.xQueueReceive
                0x080050ae      0x15e build/debug/Middlewares/Third_Party/FreeRTOS/Source/queue.o
                0x080050ae                xQueueReceive
 .text.vQueueAddToRegistry
                0x0800520c       0x28 build/debug/Middlewares/Third_Party/FreeRTOS/Source/queue.o
                0x0800520c                vQueueAddToRegistry
 .text.vQueueWaitForMessageRestricted
                0x08005234       0x52 build/debug/Middlewares/Third_Party/FreeRTOS/Source/queue.o
                0x08005234                vQueueWaitForMessageRestricted
 *fill*         0x08005286        0x2 
 .text.prvResetNextTaskUnblockTime
                0x08005288       0x2c build/debug/Middlewares/Third_Party/FreeRTOS/Source/tasks.o
 .text.prvInitialiseNewTask
                0x080052b4       0xa6 build/debug/Middlewares/Third_Party/FreeRTOS/Source/tasks.o
 *fill*         0x0800535a        0x2 
 .text.prvInitialiseTaskLists
                0x0800535c       0x68 build/debug/Middlewares/Third_Party/FreeRTOS/Source/tasks.o
 .text.prvAddNewTaskToReadyList
                0x080053c4       0xa8 build/debug/Middlewares/Third_Party/FreeRTOS/Source/tasks.o
 .text.prvDeleteTCB
                0x0800546c       0x38 build/debug/Middlewares/Third_Party/FreeRTOS/Source/tasks.o
 .text.prvCheckTasksWaitingTermination
                0x080054a4       0x4c build/debug/Middlewares/Third_Party/FreeRTOS/Source/tasks.o
 .text.prvIdleTask
                0x080054f0       0x28 build/debug/Middlewares/Third_Party/FreeRTOS/Source/tasks.o
 .text.prvAddCurrentTaskToDelayedList
                0x08005518       0xa0 build/debug/Middlewares/Third_Party/FreeRTOS/Source/tasks.o
 .text.xTaskCreateStatic
                0x080055b8       0x76 build/debug/Middlewares/Third_Party/FreeRTOS/Source/tasks.o
                0x080055b8                xTaskCreateStatic
 .text.xTaskCreate
                0x0800562e       0x64 build/debug/Middlewares/Third_Party/FreeRTOS/Source/tasks.o
                0x0800562e                xTaskCreate
 *fill*         0x08005692        0x2 
 .text.vTaskStartScheduler
                0x08005694       0x98 build/debug/Middlewares/Third_Party/FreeRTOS/Source/tasks.o
                0x08005694                vTaskStartScheduler
 .text.vTaskSuspendAll
                0x0800572c       0x10 build/debug/Middlewares/Third_Party/FreeRTOS/Source/tasks.o
                0x0800572c                vTaskSuspendAll
 .text.xTaskGetTickCount
                0x0800573c        0xc build/debug/Middlewares/Third_Party/FreeRTOS/Source/tasks.o
                0x0800573c                xTaskGetTickCount
 .text.xTaskIncrementTick
                0x08005748      0x118 build/debug/Middlewares/Third_Party/FreeRTOS/Source/tasks.o
                0x08005748                xTaskIncrementTick
 .text.xTaskResumeAll
                0x08005860       0xf8 build/debug/Middlewares/Third_Party/FreeRTOS/Source/tasks.o
                0x08005860                xTaskResumeAll
 .text.vTaskDelay
                0x08005958       0x4c build/debug/Middlewares/Third_Party/FreeRTOS/Source/tasks.o
                0x08005958                vTaskDelay
 .text.vTaskSwitchContext
                0x080059a4       0x98 build/debug/Middlewares/Third_Party/FreeRTOS/Source/tasks.o
                0x080059a4                vTaskSwitchContext
 .text.vTaskPlaceOnEventList
                0x08005a3c       0x30 build/debug/Middlewares/Third_Party/FreeRTOS/Source/tasks.o
                0x08005a3c                vTaskPlaceOnEventList
 .text.vTaskPlaceOnEventListRestricted
                0x08005a6c       0x38 build/debug/Middlewares/Third_Party/FreeRTOS/Source/tasks.o
                0x08005a6c                vTaskPlaceOnEventListRestricted
 .text.xTaskRemoveFromEventList
                0x08005aa4       0x8c build/debug/Middlewares/Third_Party/FreeRTOS/Source/tasks.o
                0x08005aa4                xTaskRemoveFromEventList
 .text.vTaskInternalSetTimeOutState
                0x08005b30       0x18 build/debug/Middlewares/Third_Party/FreeRTOS/Source/tasks.o
                0x08005b30                vTaskInternalSetTimeOutState
 .text.xTaskCheckForTimeOut
                0x08005b48       0xa0 build/debug/Middlewares/Third_Party/FreeRTOS/Source/tasks.o
                0x08005b48                xTaskCheckForTimeOut
 .text.vTaskMissedYield
                0x08005be8        0xc build/debug/Middlewares/Third_Party/FreeRTOS/Source/tasks.o
                0x08005be8                vTaskMissedYield
 .text.xTaskGetSchedulerState
                0x08005bf4       0x20 build/debug/Middlewares/Third_Party/FreeRTOS/Source/tasks.o
                0x08005bf4                xTaskGetSchedulerState
 .text.xTaskPriorityDisinherit
                0x08005c14       0xb0 build/debug/Middlewares/Third_Party/FreeRTOS/Source/tasks.o
                0x08005c14                xTaskPriorityDisinherit
 .text.prvGetNextExpireTime
                0x08005cc4       0x20 build/debug/Middlewares/Third_Party/FreeRTOS/Source/timers.o
 .text.prvInsertTimerInActiveList
                0x08005ce4       0x48 build/debug/Middlewares/Third_Party/FreeRTOS/Source/timers.o
 .text.prvCheckForValidListAndQueue
                0x08005d2c       0x70 build/debug/Middlewares/Third_Party/FreeRTOS/Source/timers.o
 .text.xTimerCreateTimerTask
                0x08005d9c       0x64 build/debug/Middlewares/Third_Party/FreeRTOS/Source/timers.o
                0x08005d9c                xTimerCreateTimerTask
 .text.xTimerGenericCommand
                0x08005e00       0x6c build/debug/Middlewares/Third_Party/FreeRTOS/Source/timers.o
                0x08005e00                xTimerGenericCommand
 .text.prvSwitchTimerLists
                0x08005e6c       0x7c build/debug/Middlewares/Third_Party/FreeRTOS/Source/timers.o
 .text.prvSampleTimeNow
                0x08005ee8       0x2c build/debug/Middlewares/Third_Party/FreeRTOS/Source/timers.o
 .text.prvProcessExpiredTimer
                0x08005f14       0x6c build/debug/Middlewares/Third_Party/FreeRTOS/Source/timers.o
 .text.prvProcessTimerOrBlockTask
                0x08005f80       0x74 build/debug/Middlewares/Third_Party/FreeRTOS/Source/timers.o
 .text.prvProcessReceivedCommands
                0x08005ff4      0x10c build/debug/Middlewares/Third_Party/FreeRTOS/Source/timers.o
 .text.prvTimerTask
                0x08006100       0x16 build/debug/Middlewares/Third_Party/FreeRTOS/Source/timers.o
 *fill*         0x08006116        0x2 
 .text._DoInit  0x08006118       0x6c build/debug/Middlewares/Third_Party/SEGGER/RTT/SEGGER_RTT.o
 .text.SEGGER_RTT_Init
                0x08006184        0x8 build/debug/Middlewares/Third_Party/SEGGER/RTT/SEGGER_RTT.o
                0x08006184                SEGGER_RTT_Init
 .text.EstimateSpeed
                0x0800618c      0xa74 build/debug/application/chassis/chassis.o
 .text.ChassisInit
                0x08006c00      0x1fc build/debug/application/chassis/chassis.o
                0x08006c00                ChassisInit
 .text.send_motor_measurements
                0x08006dfc       0x2a build/debug/application/chassis/chassis.o
                0x08006dfc                send_motor_measurements
 *fill*         0x08006e26        0x2 
 .text.MecanumCalculate
                0x08006e28      0x130 build/debug/application/chassis/chassis.o
                0x08006e28                MecanumCalculate
 .text.ChassisTask
                0x08006f58      0x164 build/debug/application/chassis/chassis.o
                0x08006f58                ChassisTask
 .text.StartMOTORTASK
                0x080070bc       0x3c build/debug/application/robot.o
                0x080070bc                StartMOTORTASK
 .text.StartDAEMONTASK
                0x080070f8       0x3c build/debug/application/robot.o
                0x080070f8                StartDAEMONTASK
 .text.StartUITASK
                0x08007134        0xe build/debug/application/robot.o
                0x08007134                StartUITASK
 *fill*         0x08007142        0x2 
 .text.OSTaskInit
                0x08007144       0xac build/debug/application/robot.o
                0x08007144                OSTaskInit
 .text.BSPInit  0x080071f0        0xe build/debug/application/robot.o
                0x080071f0                BSPInit
 .text.RobotInit
                0x080071fe       0x14 build/debug/application/robot.o
                0x080071fe                RobotInit
 .text.RobotTask
                0x08007212        0x8 build/debug/application/robot.o
                0x08007212                RobotTask
 *fill*         0x0800721a        0x2 
 .text.StartROBOTTASK
                0x0800721c       0x34 build/debug/application/robot.o
                0x0800721c                StartROBOTTASK
 .text.delay_init
                0x08007250       0x34 build/debug/bsp/bsp_delay/bsp_delay.o
                0x08007250                delay_init
 .text.CANServiceInit
                0x08007284       0x3c build/debug/bsp/can/bsp_can.o
 .text.EXTCANAddFilter
                0x080072c0       0x64 build/debug/bsp/can/bsp_can.o
 .text.CANAddFilter
                0x08007324       0x60 build/debug/bsp/can/bsp_can.o
 .text.CANFIFOxCallback
                0x08007384       0xcc build/debug/bsp/can/bsp_can.o
 .text.CANRegister
                0x08007450       0xc0 build/debug/bsp/can/bsp_can.o
                0x08007450                CANRegister
 .text.CANTransmit
                0x08007510       0x78 build/debug/bsp/can/bsp_can.o
                0x08007510                CANTransmit
 .text.HAL_CAN_RxFifo0MsgPendingCallback
                0x08007588        0xa build/debug/bsp/can/bsp_can.o
                0x08007588                HAL_CAN_RxFifo0MsgPendingCallback
 .text.HAL_CAN_RxFifo1MsgPendingCallback
                0x08007592        0xa build/debug/bsp/can/bsp_can.o
                0x08007592                HAL_CAN_RxFifo1MsgPendingCallback
 .text.DWT_CNT_Update
                0x0800759c       0x4c build/debug/bsp/dwt/bsp_dwt.o
 .text.DWT_Init
                0x080075e8       0x70 build/debug/bsp/dwt/bsp_dwt.o
                0x080075e8                DWT_Init
 .text.DWT_GetDeltaT
                0x08007658       0x48 build/debug/bsp/dwt/bsp_dwt.o
                0x08007658                DWT_GetDeltaT
 .text.DWT_SysTimeUpdate
                0x080076a0       0xd4 build/debug/bsp/dwt/bsp_dwt.o
                0x080076a0                DWT_SysTimeUpdate
 .text.DWT_GetTimeline_ms
                0x08007774       0x3c build/debug/bsp/dwt/bsp_dwt.o
                0x08007774                DWT_GetTimeline_ms
 .text.BSPLogInit
                0x080077b0        0x8 build/debug/bsp/log/bsp_log.o
                0x080077b0                BSPLogInit
 .text.PWMSelectTclk
                0x080077b8       0x74 build/debug/bsp/pwm/bsp_pwm.o
 .text.PWMSetPeriod
                0x0800782c       0x44 build/debug/bsp/pwm/bsp_pwm.o
                0x0800782c                PWMSetPeriod
 .text.PWMSetDutyRatio
                0x08007870       0x74 build/debug/bsp/pwm/bsp_pwm.o
                0x08007870                PWMSetDutyRatio
 .text.PWMRegister
                0x080078e4       0x7c build/debug/bsp/pwm/bsp_pwm.o
                0x080078e4                PWMRegister
 .text.USARTServiceInit
                0x08007960       0x24 build/debug/bsp/usart/bsp_usart.o
                0x08007960                USARTServiceInit
 .text.USARTRegister
                0x08007984       0x70 build/debug/bsp/usart/bsp_usart.o
                0x08007984                USARTRegister
 .text.HAL_UARTEx_RxEventCallback
                0x080079f4       0x6c build/debug/bsp/usart/bsp_usart.o
                0x080079f4                HAL_UARTEx_RxEventCallback
 .text.HAL_UART_ErrorCallback
                0x08007a60       0x4c build/debug/bsp/usart/bsp_usart.o
                0x08007a60                HAL_UART_ErrorCallback
 .text.BuzzerInit
                0x08007aac       0x3c build/debug/moudels/alarm/buzzer.o
                0x08007aac                BuzzerInit
 .text.BuzzerTask
                0x08007ae8       0xd4 build/debug/moudels/alarm/buzzer.o
                0x08007ae8                BuzzerTask
 .text.PIDInit  0x08007bbc       0x4a build/debug/moudels/algorithm/controller.o
                0x08007bbc                PIDInit
 *fill*         0x08007c06        0x2 
 .text.DaemonRegister
                0x08007c08       0x48 build/debug/moudels/daemon/daemon.o
                0x08007c08                DaemonRegister
 .text.DaemonReload
                0x08007c50        0x6 build/debug/moudels/daemon/daemon.o
                0x08007c50                DaemonReload
 *fill*         0x08007c56        0x2 
 .text.DaemonTask
                0x08007c58       0x34 build/debug/moudels/daemon/daemon.o
                0x08007c58                DaemonTask
 .text.dtLostCallback
                0x08007c8c       0x20 build/debug/moudels/distance/distance.o
 .text.data_to_distance
                0x08007cac      0x12c build/debug/moudels/distance/distance.o
 .text.dtRxCallback
                0x08007dd8       0x1c build/debug/moudels/distance/distance.o
 .text.dtInit   0x08007df4       0x5c build/debug/moudels/distance/distance.o
                0x08007df4                dtInit
 .text.CheckLen
                0x08007e50        0x8 build/debug/moudels/message_center/message_center.o
 .text.CheckName
                0x08007e58       0x10 build/debug/moudels/message_center/message_center.o
 .text.PubRegister
                0x08007e68       0x60 build/debug/moudels/message_center/message_center.o
                0x08007e68                PubRegister
 .text.SubRegister
                0x08007ec8       0x42 build/debug/moudels/message_center/message_center.o
                0x08007ec8                SubRegister
 .text.SubGetMessage
                0x08007f0a       0x2e build/debug/moudels/message_center/message_center.o
                0x08007f0a                SubGetMessage
 .text.PubPushMessage
                0x08007f38       0x4c build/debug/moudels/message_center/message_center.o
                0x08007f38                PubPushMessage
 .text.MIMotorLostCallback
                0x08007f84        0x2 build/debug/moudels/motor/MImotor/MImotor.o
 *fill*         0x08007f86        0x2 
 .text.MI_motor_SetMechPositionToZero
                0x08007f88       0x64 build/debug/moudels/motor/MImotor/MImotor.o
 .text.MI_motor_ModeSwitch
                0x08007fec       0x78 build/debug/moudels/motor/MImotor/MImotor.o
 .text.MI_motor_Enable
                0x08008064       0x5c build/debug/moudels/motor/MImotor/MImotor.o
 .text.MI_motor_Stop
                0x080080c0       0x5c build/debug/moudels/motor/MImotor/MImotor.o
 *fill*         0x0800811c        0x4 
 .text.MI_motor_RxDecode
                0x08008120       0xf0 build/debug/moudels/motor/MImotor/MImotor.o
                0x08008120                MI_motor_RxDecode
 .text.DecodeMIMotor
                0x08008210       0x9a build/debug/moudels/motor/MImotor/MImotor.o
 .text.MIMotorStop
                0x080082aa        0x8 build/debug/moudels/motor/MImotor/MImotor.o
                0x080082aa                MIMotorStop
 .text.MIMotorEnable
                0x080082b2        0x8 build/debug/moudels/motor/MImotor/MImotor.o
                0x080082b2                MIMotorEnable
 *fill*         0x080082ba        0x2 
 .text.MIMotorInit
                0x080082bc       0xe4 build/debug/moudels/motor/MImotor/MImotor.o
                0x080082bc                MIMotorInit
 .text.MIMotorOuterLoop
                0x080083a0        0x4 build/debug/moudels/motor/MImotor/MImotor.o
                0x080083a0                MIMotorOuterLoop
 .text.MIMotorSetRef
                0x080083a4        0x6 build/debug/moudels/motor/MImotor/MImotor.o
                0x080083a4                MIMotorSetRef
 *fill*         0x080083aa        0x2 
 .text.MI_motor_Modeset
                0x080083ac       0x70 build/debug/moudels/motor/MImotor/MImotor.o
                0x080083ac                MI_motor_Modeset
 .text.MI_motor_setzero
                0x0800841c        0x8 build/debug/moudels/motor/MImotor/MImotor.o
                0x0800841c                MI_motor_setzero
 .text.MI_motor_YunkongControl
                0x08008424       0x26 build/debug/moudels/motor/MImotor/MImotor.o
                0x08008424                MI_motor_YunkongControl
 .text.MI_motor_TorqueControl
                0x0800844a       0x16 build/debug/moudels/motor/MImotor/MImotor.o
                0x0800844a                MI_motor_TorqueControl
 .text.MI_motor_stop
                0x08008460        0x8 build/debug/moudels/motor/MImotor/MImotor.o
                0x08008460                MI_motor_stop
 .text.MI_motor_LocationControl
                0x08008468       0x36 build/debug/moudels/motor/MImotor/MImotor.o
                0x08008468                MI_motor_LocationControl
 .text.MI_motor_SpeedControl
                0x0800849e       0x24 build/debug/moudels/motor/MImotor/MImotor.o
                0x0800849e                MI_motor_SpeedControl
 *fill*         0x080084c2        0x2 
 .text.MIMotorControl
                0x080084c4      0x15c build/debug/moudels/motor/MImotor/MImotor.o
                0x080084c4                MIMotorControl
 .text.MotorControlTask
                0x08008620        0x8 build/debug/moudels/motor/motor_task.o
                0x08008620                MotorControlTask
 .text.Reset_Handler
                0x08008628       0x50 build/debug/startup_stm32f407xx.o
                0x08008628                Reset_Handler
 .text.Default_Handler
                0x08008678        0x2 build/debug/startup_stm32f407xx.o
                0x08008678                RTC_Alarm_IRQHandler
                0x08008678                HASH_RNG_IRQHandler
                0x08008678                EXTI2_IRQHandler
                0x08008678                TIM8_CC_IRQHandler
                0x08008678                TIM1_CC_IRQHandler
                0x08008678                DMA1_Stream5_IRQHandler
                0x08008678                PVD_IRQHandler
                0x08008678                SDIO_IRQHandler
                0x08008678                TAMP_STAMP_IRQHandler
                0x08008678                TIM8_TRG_COM_TIM14_IRQHandler
                0x08008678                TIM1_UP_TIM10_IRQHandler
                0x08008678                TIM8_UP_TIM13_IRQHandler
                0x08008678                I2C3_ER_IRQHandler
                0x08008678                I2C2_EV_IRQHandler
                0x08008678                DMA1_Stream2_IRQHandler
                0x08008678                FPU_IRQHandler
                0x08008678                OTG_HS_WKUP_IRQHandler
                0x08008678                SPI1_IRQHandler
                0x08008678                TIM6_DAC_IRQHandler
                0x08008678                TIM1_BRK_TIM9_IRQHandler
                0x08008678                DCMI_IRQHandler
                0x08008678                UART5_IRQHandler
                0x08008678                DMA2_Stream0_IRQHandler
                0x08008678                TIM4_IRQHandler
                0x08008678                I2C1_EV_IRQHandler
                0x08008678                DMA1_Stream6_IRQHandler
                0x08008678                UART4_IRQHandler
                0x08008678                TIM3_IRQHandler
                0x08008678                RCC_IRQHandler
                0x08008678                TIM8_BRK_TIM12_IRQHandler
                0x08008678                Default_Handler
                0x08008678                EXTI15_10_IRQHandler
                0x08008678                ADC_IRQHandler
                0x08008678                DMA1_Stream7_IRQHandler
                0x08008678                TIM7_IRQHandler
                0x08008678                TIM5_IRQHandler
                0x08008678                I2C3_EV_IRQHandler
                0x08008678                RTC_WKUP_IRQHandler
                0x08008678                ETH_WKUP_IRQHandler
                0x08008678                SPI2_IRQHandler
                0x08008678                OTG_HS_EP1_IN_IRQHandler
                0x08008678                DMA1_Stream0_IRQHandler
                0x08008678                FSMC_IRQHandler
                0x08008678                ETH_IRQHandler
                0x08008678                OTG_HS_EP1_OUT_IRQHandler
                0x08008678                WWDG_IRQHandler
                0x08008678                TIM2_IRQHandler
                0x08008678                OTG_FS_WKUP_IRQHandler
                0x08008678                TIM1_TRG_COM_TIM11_IRQHandler
                0x08008678                OTG_HS_IRQHandler
                0x08008678                EXTI1_IRQHandler
                0x08008678                USART2_IRQHandler
                0x08008678                I2C2_ER_IRQHandler
                0x08008678                FLASH_IRQHandler
                0x08008678                DMA2_Stream4_IRQHandler
                0x08008678                OTG_FS_IRQHandler
                0x08008678                SPI3_IRQHandler
                0x08008678                DMA1_Stream4_IRQHandler
                0x08008678                I2C1_ER_IRQHandler
 *fill*         0x0800867a        0x2 
 .text.malloc   0x0800867c       0x10 c:/Users/WS-XIAOYA/AppData/Roaming/Code/User/globalStorage/bmd.stm32-for-vscode/@xpack-dev-tools/arm-none-eabi-gcc/13.2.1-1.1.1/.content/bin/../lib/gcc/arm-none-eabi/13.2.1/../../../../arm-none-eabi/lib/thumb/v7e-m+fp/hard\libc_nano.a(libc_a-malloc.o)
                0x0800867c                malloc
 .text.sbrk_aligned
                0x0800868c       0x44 c:/Users/WS-XIAOYA/AppData/Roaming/Code/User/globalStorage/bmd.stm32-for-vscode/@xpack-dev-tools/arm-none-eabi-gcc/13.2.1-1.1.1/.content/bin/../lib/gcc/arm-none-eabi/13.2.1/../../../../arm-none-eabi/lib/thumb/v7e-m+fp/hard\libc_nano.a(libc_a-mallocr.o)
 .text._malloc_r
                0x080086d0      0x100 c:/Users/WS-XIAOYA/AppData/Roaming/Code/User/globalStorage/bmd.stm32-for-vscode/@xpack-dev-tools/arm-none-eabi-gcc/13.2.1-1.1.1/.content/bin/../lib/gcc/arm-none-eabi/13.2.1/../../../../arm-none-eabi/lib/thumb/v7e-m+fp/hard\libc_nano.a(libc_a-mallocr.o)
                0x080086d0                _malloc_r
 .text.__malloc_lock
                0x080087d0        0xc c:/Users/WS-XIAOYA/AppData/Roaming/Code/User/globalStorage/bmd.stm32-for-vscode/@xpack-dev-tools/arm-none-eabi-gcc/13.2.1-1.1.1/.content/bin/../lib/gcc/arm-none-eabi/13.2.1/../../../../arm-none-eabi/lib/thumb/v7e-m+fp/hard\libc_nano.a(libc_a-mlock.o)
                0x080087d0                __malloc_lock
 .text.__malloc_unlock
                0x080087dc        0xc c:/Users/WS-XIAOYA/AppData/Roaming/Code/User/globalStorage/bmd.stm32-for-vscode/@xpack-dev-tools/arm-none-eabi-gcc/13.2.1-1.1.1/.content/bin/../lib/gcc/arm-none-eabi/13.2.1/../../../../arm-none-eabi/lib/thumb/v7e-m+fp/hard\libc_nano.a(libc_a-mlock.o)
                0x080087dc                __malloc_unlock
 .text.sscanf   0x080087e8       0x54 c:/Users/WS-XIAOYA/AppData/Roaming/Code/User/globalStorage/bmd.stm32-for-vscode/@xpack-dev-tools/arm-none-eabi-gcc/13.2.1-1.1.1/.content/bin/../lib/gcc/arm-none-eabi/13.2.1/../../../../arm-none-eabi/lib/thumb/v7e-m+fp/hard\libc_nano.a(libc_a-sscanf.o)
                0x080087e8                siscanf
                0x080087e8                sscanf
 .text.__seofread
                0x0800883c        0x4 c:/Users/WS-XIAOYA/AppData/Roaming/Code/User/globalStorage/bmd.stm32-for-vscode/@xpack-dev-tools/arm-none-eabi-gcc/13.2.1-1.1.1/.content/bin/../lib/gcc/arm-none-eabi/13.2.1/../../../../arm-none-eabi/lib/thumb/v7e-m+fp/hard\libc_nano.a(libc_a-stdio.o)
                0x0800883c                __seofread
 .text.memset   0x08008840       0x10 c:/Users/WS-XIAOYA/AppData/Roaming/Code/User/globalStorage/bmd.stm32-for-vscode/@xpack-dev-tools/arm-none-eabi-gcc/13.2.1-1.1.1/.content/bin/../lib/gcc/arm-none-eabi/13.2.1/../../../../arm-none-eabi/lib/thumb/v7e-m+fp/hard\libc_nano.a(libc_a-memset.o)
                0x08008840                memset
 .text.strnlen  0x08008850       0x18 c:/Users/WS-XIAOYA/AppData/Roaming/Code/User/globalStorage/bmd.stm32-for-vscode/@xpack-dev-tools/arm-none-eabi-gcc/13.2.1-1.1.1/.content/bin/../lib/gcc/arm-none-eabi/13.2.1/../../../../arm-none-eabi/lib/thumb/v7e-m+fp/hard\libc_nano.a(libc_a-strnlen.o)
                0x08008850                strnlen
 .text._sbrk_r  0x08008868       0x20 c:/Users/WS-XIAOYA/AppData/Roaming/Code/User/globalStorage/bmd.stm32-for-vscode/@xpack-dev-tools/arm-none-eabi-gcc/13.2.1-1.1.1/.content/bin/../lib/gcc/arm-none-eabi/13.2.1/../../../../arm-none-eabi/lib/thumb/v7e-m+fp/hard\libc_nano.a(libc_a-sbrkr.o)
                0x08008868                _sbrk_r
 .text.__libc_init_array
                0x08008888       0x48 c:/Users/WS-XIAOYA/AppData/Roaming/Code/User/globalStorage/bmd.stm32-for-vscode/@xpack-dev-tools/arm-none-eabi-gcc/13.2.1-1.1.1/.content/bin/../lib/gcc/arm-none-eabi/13.2.1/../../../../arm-none-eabi/lib/thumb/v7e-m+fp/hard\libc_nano.a(libc_a-init.o)
                0x08008888                __libc_init_array
 .text.__retarget_lock_acquire_recursive
                0x080088d0        0x2 c:/Users/WS-XIAOYA/AppData/Roaming/Code/User/globalStorage/bmd.stm32-for-vscode/@xpack-dev-tools/arm-none-eabi-gcc/13.2.1-1.1.1/.content/bin/../lib/gcc/arm-none-eabi/13.2.1/../../../../arm-none-eabi/lib/thumb/v7e-m+fp/hard\libc_nano.a(libc_a-lock.o)
                0x080088d0                __retarget_lock_acquire_recursive
 .text.__retarget_lock_release_recursive
                0x080088d2        0x2 c:/Users/WS-XIAOYA/AppData/Roaming/Code/User/globalStorage/bmd.stm32-for-vscode/@xpack-dev-tools/arm-none-eabi-gcc/13.2.1-1.1.1/.content/bin/../lib/gcc/arm-none-eabi/13.2.1/../../../../arm-none-eabi/lib/thumb/v7e-m+fp/hard\libc_nano.a(libc_a-lock.o)
                0x080088d2                __retarget_lock_release_recursive
 .text.strcpy   0x080088d4       0x10 c:/Users/WS-XIAOYA/AppData/Roaming/Code/User/globalStorage/bmd.stm32-for-vscode/@xpack-dev-tools/arm-none-eabi-gcc/13.2.1-1.1.1/.content/bin/../lib/gcc/arm-none-eabi/13.2.1/../../../../arm-none-eabi/lib/thumb/v7e-m+fp/hard\libc_nano.a(libc_a-strcpy.o)
                0x080088d4                strcpy
 .text.memcpy   0x080088e4       0x1c c:/Users/WS-XIAOYA/AppData/Roaming/Code/User/globalStorage/bmd.stm32-for-vscode/@xpack-dev-tools/arm-none-eabi-gcc/13.2.1-1.1.1/.content/bin/../lib/gcc/arm-none-eabi/13.2.1/../../../../arm-none-eabi/lib/thumb/v7e-m+fp/hard\libc_nano.a(libc_a-memcpy-stub.o)
                0x080088e4                memcpy
 .text._free_r  0x08008900       0x94 c:/Users/WS-XIAOYA/AppData/Roaming/Code/User/globalStorage/bmd.stm32-for-vscode/@xpack-dev-tools/arm-none-eabi-gcc/13.2.1-1.1.1/.content/bin/../lib/gcc/arm-none-eabi/13.2.1/../../../../arm-none-eabi/lib/thumb/v7e-m+fp/hard\libc_nano.a(libc_a-freer.o)
                0x08008900                _free_r
 .text._sungetc_r
                0x08008994       0x7a c:/Users/WS-XIAOYA/AppData/Roaming/Code/User/globalStorage/bmd.stm32-for-vscode/@xpack-dev-tools/arm-none-eabi-gcc/13.2.1-1.1.1/.content/bin/../lib/gcc/arm-none-eabi/13.2.1/../../../../arm-none-eabi/lib/thumb/v7e-m+fp/hard\libc_nano.a(libc_a-nano-svfscanf.o)
                0x08008994                _sungetc_r
 .text.__ssrefill_r
                0x08008a0e       0x3a c:/Users/WS-XIAOYA/AppData/Roaming/Code/User/globalStorage/bmd.stm32-for-vscode/@xpack-dev-tools/arm-none-eabi-gcc/13.2.1-1.1.1/.content/bin/../lib/gcc/arm-none-eabi/13.2.1/../../../../arm-none-eabi/lib/thumb/v7e-m+fp/hard\libc_nano.a(libc_a-nano-svfscanf.o)
                0x08008a0e                __ssrefill_r
 .text.__ssvfscanf_r
                0x08008a48      0x2ec c:/Users/WS-XIAOYA/AppData/Roaming/Code/User/globalStorage/bmd.stm32-for-vscode/@xpack-dev-tools/arm-none-eabi-gcc/13.2.1-1.1.1/.content/bin/../lib/gcc/arm-none-eabi/13.2.1/../../../../arm-none-eabi/lib/thumb/v7e-m+fp/hard\libc_nano.a(libc_a-nano-svfscanf.o)
                0x08008a48                __ssvfiscanf_r
                0x08008a48                __ssvfscanf_r
 .text._scanf_chars
                0x08008d34       0xb4 c:/Users/WS-XIAOYA/AppData/Roaming/Code/User/globalStorage/bmd.stm32-for-vscode/@xpack-dev-tools/arm-none-eabi-gcc/13.2.1-1.1.1/.content/bin/../lib/gcc/arm-none-eabi/13.2.1/../../../../arm-none-eabi/lib/thumb/v7e-m+fp/hard\libc_nano.a(libc_a-nano-vfscanf_i.o)
                0x08008d34                _scanf_chars
 .text._scanf_i
                0x08008de8      0x1e8 c:/Users/WS-XIAOYA/AppData/Roaming/Code/User/globalStorage/bmd.stm32-for-vscode/@xpack-dev-tools/arm-none-eabi-gcc/13.2.1-1.1.1/.content/bin/../lib/gcc/arm-none-eabi/13.2.1/../../../../arm-none-eabi/lib/thumb/v7e-m+fp/hard\libc_nano.a(libc_a-nano-vfscanf_i.o)
                0x08008de8                _scanf_i
 .text.__sccl   0x08008fd0       0x72 c:/Users/WS-XIAOYA/AppData/Roaming/Code/User/globalStorage/bmd.stm32-for-vscode/@xpack-dev-tools/arm-none-eabi-gcc/13.2.1-1.1.1/.content/bin/../lib/gcc/arm-none-eabi/13.2.1/../../../../arm-none-eabi/lib/thumb/v7e-m+fp/hard\libc_nano.a(libc_a-sccl.o)
                0x08008fd0                __sccl
 .text.__submore
                0x08009042       0x74 c:/Users/WS-XIAOYA/AppData/Roaming/Code/User/globalStorage/bmd.stm32-for-vscode/@xpack-dev-tools/arm-none-eabi-gcc/13.2.1-1.1.1/.content/bin/../lib/gcc/arm-none-eabi/13.2.1/../../../../arm-none-eabi/lib/thumb/v7e-m+fp/hard\libc_nano.a(libc_a-ungetc.o)
                0x08009042                __submore
 .text._realloc_r
                0x080090b6       0x5c c:/Users/WS-XIAOYA/AppData/Roaming/Code/User/globalStorage/bmd.stm32-for-vscode/@xpack-dev-tools/arm-none-eabi-gcc/13.2.1-1.1.1/.content/bin/../lib/gcc/arm-none-eabi/13.2.1/../../../../arm-none-eabi/lib/thumb/v7e-m+fp/hard\libc_nano.a(libc_a-reallocr.o)
                0x080090b6                _realloc_r
 *fill*         0x08009112        0x2 
 .text._strtol_l.isra.0
                0x08009114       0xf4 c:/Users/WS-XIAOYA/AppData/Roaming/Code/User/globalStorage/bmd.stm32-for-vscode/@xpack-dev-tools/arm-none-eabi-gcc/13.2.1-1.1.1/.content/bin/../lib/gcc/arm-none-eabi/13.2.1/../../../../arm-none-eabi/lib/thumb/v7e-m+fp/hard\libc_nano.a(libc_a-strtol.o)
 .text._strtol_r
                0x08009208        0x4 c:/Users/WS-XIAOYA/AppData/Roaming/Code/User/globalStorage/bmd.stm32-for-vscode/@xpack-dev-tools/arm-none-eabi-gcc/13.2.1-1.1.1/.content/bin/../lib/gcc/arm-none-eabi/13.2.1/../../../../arm-none-eabi/lib/thumb/v7e-m+fp/hard\libc_nano.a(libc_a-strtol.o)
                0x08009208                _strtol_r
 .text._strtoul_l.isra.0
                0x0800920c       0xdc c:/Users/WS-XIAOYA/AppData/Roaming/Code/User/globalStorage/bmd.stm32-for-vscode/@xpack-dev-tools/arm-none-eabi-gcc/13.2.1-1.1.1/.content/bin/../lib/gcc/arm-none-eabi/13.2.1/../../../../arm-none-eabi/lib/thumb/v7e-m+fp/hard\libc_nano.a(libc_a-strtoul.o)
 .text._strtoul_r
                0x080092e8        0x4 c:/Users/WS-XIAOYA/AppData/Roaming/Code/User/globalStorage/bmd.stm32-for-vscode/@xpack-dev-tools/arm-none-eabi-gcc/13.2.1-1.1.1/.content/bin/../lib/gcc/arm-none-eabi/13.2.1/../../../../arm-none-eabi/lib/thumb/v7e-m+fp/hard\libc_nano.a(libc_a-strtoul.o)
                0x080092e8                _strtoul_r
 .text.__errno  0x080092ec        0xc c:/Users/WS-XIAOYA/AppData/Roaming/Code/User/globalStorage/bmd.stm32-for-vscode/@xpack-dev-tools/arm-none-eabi-gcc/13.2.1-1.1.1/.content/bin/../lib/gcc/arm-none-eabi/13.2.1/../../../../arm-none-eabi/lib/thumb/v7e-m+fp/hard\libc_nano.a(libc_a-errno.o)
                0x080092ec                __errno
 .text._malloc_usable_size_r
                0x080092f8       0x10 c:/Users/WS-XIAOYA/AppData/Roaming/Code/User/globalStorage/bmd.stm32-for-vscode/@xpack-dev-tools/arm-none-eabi-gcc/13.2.1-1.1.1/.content/bin/../lib/gcc/arm-none-eabi/13.2.1/../../../../arm-none-eabi/lib/thumb/v7e-m+fp/hard\libc_nano.a(libc_a-msizer.o)
                0x080092f8                _malloc_usable_size_r
 .text._sbrk    0x08009308       0x1c c:/Users/WS-XIAOYA/AppData/Roaming/Code/User/globalStorage/bmd.stm32-for-vscode/@xpack-dev-tools/arm-none-eabi-gcc/13.2.1-1.1.1/.content/bin/../lib/gcc/arm-none-eabi/13.2.1/../../../../arm-none-eabi/lib/thumb/v7e-m+fp/hard\libnosys.a(sbrk.o)
                0x08009308                _sbrk
 .text.__udivmoddi4
                0x08009324      0x2bc c:/Users/WS-XIAOYA/AppData/Roaming/Code/User/globalStorage/bmd.stm32-for-vscode/@xpack-dev-tools/arm-none-eabi-gcc/13.2.1-1.1.1/.content/bin/../lib/gcc/arm-none-eabi/13.2.1/thumb/v7e-m+fp/hard\libgcc.a(_udivmoddi4.o)
                0x08009324                __udivmoddi4
 *(.glue_7)
 .glue_7        0x080095e0        0x0 linker stubs
 *(.glue_7t)
 .glue_7t       0x080095e0        0x0 linker stubs
 *(.eh_frame)
 .eh_frame      0x080095e0        0x0 c:/Users/WS-XIAOYA/AppData/Roaming/Code/User/globalStorage/bmd.stm32-for-vscode/@xpack-dev-tools/arm-none-eabi-gcc/13.2.1-1.1.1/.content/bin/../lib/gcc/arm-none-eabi/13.2.1/thumb/v7e-m+fp/hard/crtbegin.o
 *(.init)
 .init          0x080095e0        0x4 c:/Users/WS-XIAOYA/AppData/Roaming/Code/User/globalStorage/bmd.stm32-for-vscode/@xpack-dev-tools/arm-none-eabi-gcc/13.2.1-1.1.1/.content/bin/../lib/gcc/arm-none-eabi/13.2.1/thumb/v7e-m+fp/hard/crti.o
                0x080095e0                _init
 .init          0x080095e4        0x8 c:/Users/WS-XIAOYA/AppData/Roaming/Code/User/globalStorage/bmd.stm32-for-vscode/@xpack-dev-tools/arm-none-eabi-gcc/13.2.1-1.1.1/.content/bin/../lib/gcc/arm-none-eabi/13.2.1/thumb/v7e-m+fp/hard/crtn.o
 *(.fini)
 .fini          0x080095ec        0x4 c:/Users/WS-XIAOYA/AppData/Roaming/Code/User/globalStorage/bmd.stm32-for-vscode/@xpack-dev-tools/arm-none-eabi-gcc/13.2.1-1.1.1/.content/bin/../lib/gcc/arm-none-eabi/13.2.1/thumb/v7e-m+fp/hard/crti.o
                0x080095ec                _fini
 .fini          0x080095f0        0x8 c:/Users/WS-XIAOYA/AppData/Roaming/Code/User/globalStorage/bmd.stm32-for-vscode/@xpack-dev-tools/arm-none-eabi-gcc/13.2.1-1.1.1/.content/bin/../lib/gcc/arm-none-eabi/13.2.1/thumb/v7e-m+fp/hard/crtn.o
                0x080095f8                        . = ALIGN (0x4)
                0x080095f8                        _etext = .

.vfp11_veneer   0x080095f8        0x0
 .vfp11_veneer  0x080095f8        0x0 linker stubs

.v4_bx          0x080095f8        0x0
 .v4_bx         0x080095f8        0x0 linker stubs

.iplt           0x080095f8        0x0
 .iplt          0x080095f8        0x0 c:/Users/WS-XIAOYA/AppData/Roaming/Code/User/globalStorage/bmd.stm32-for-vscode/@xpack-dev-tools/arm-none-eabi-gcc/13.2.1-1.1.1/.content/bin/../lib/gcc/arm-none-eabi/13.2.1/thumb/v7e-m+fp/hard/crtbegin.o

.rodata         0x080095f8      0x25c
                0x080095f8                        . = ALIGN (0x4)
 *(.rodata)
 .rodata        0x080095f8       0x70 build/debug/application/robot.o
 .rodata        0x08009668        0xc c:/Users/WS-XIAOYA/AppData/Roaming/Code/User/globalStorage/bmd.stm32-for-vscode/@xpack-dev-tools/arm-none-eabi-gcc/13.2.1-1.1.1/.content/bin/../lib/gcc/arm-none-eabi/13.2.1/../../../../arm-none-eabi/lib/thumb/v7e-m+fp/hard\libc_nano.a(libc_a-nano-vfscanf_i.o)
 *(.rodata*)
 .rodata.APBPrescTable
                0x08009674        0x8 build/debug/Core/Src/system_stm32f4xx.o
                0x08009674                APBPrescTable
 .rodata.AHBPrescTable
                0x0800967c       0x10 build/debug/Core/Src/system_stm32f4xx.o
                0x0800967c                AHBPrescTable
 .rodata.flagBitshiftOffset.0
                0x0800968c        0x8 build/debug/Drivers/STM32F4xx_HAL_Driver/Src/stm32f4xx_hal_dma.o
 .rodata.vTaskStartScheduler.str1.4
                0x08009694       0x8a build/debug/Middlewares/Third_Party/FreeRTOS/Source/tasks.o
                                  0x5 (size before relaxing)
 .rodata.prvCheckForValidListAndQueue.str1.4
                0x0800971e        0x5 build/debug/Middlewares/Third_Party/FreeRTOS/Source/timers.o
 .rodata.xTimerCreateTimerTask.str1.4
                0x0800971e        0x8 build/debug/Middlewares/Third_Party/FreeRTOS/Source/timers.o
 .rodata._DoInit.str1.4
                0x0800971e        0x9 build/debug/Middlewares/Third_Party/SEGGER/RTT/SEGGER_RTT.o
 *fill*         0x0800971e        0x2 
 .rodata._aInitStr.0
                0x08009720       0x11 build/debug/Middlewares/Third_Party/SEGGER/RTT/SEGGER_RTT.o
 .rodata.ChassisInit.str1.4
                0x08009731       0x19 build/debug/application/chassis/chassis.o
 .rodata.str1.4
                0x08009731       0x2a build/debug/application/robot.o
 .rodata.data_to_distance.str1.4
                0x08009731       0x1a build/debug/moudels/distance/distance.o
 .rodata.__ssvfscanf_r.str1.1
                0x08009731       0x1f c:/Users/WS-XIAOYA/AppData/Roaming/Code/User/globalStorage/bmd.stm32-for-vscode/@xpack-dev-tools/arm-none-eabi-gcc/13.2.1-1.1.1/.content/bin/../lib/gcc/arm-none-eabi/13.2.1/../../../../arm-none-eabi/lib/thumb/v7e-m+fp/hard\libc_nano.a(libc_a-nano-svfscanf.o)
                                  0x4 (size before relaxing)
 .rodata._scanf_i.str1.1
                0x08009750       0x12 c:/Users/WS-XIAOYA/AppData/Roaming/Code/User/globalStorage/bmd.stm32-for-vscode/@xpack-dev-tools/arm-none-eabi-gcc/13.2.1-1.1.1/.content/bin/../lib/gcc/arm-none-eabi/13.2.1/../../../../arm-none-eabi/lib/thumb/v7e-m+fp/hard\libc_nano.a(libc_a-nano-vfscanf_i.o)
 .rodata.str1.1
                0x08009750        0x9 c:/Users/WS-XIAOYA/AppData/Roaming/Code/User/globalStorage/bmd.stm32-for-vscode/@xpack-dev-tools/arm-none-eabi-gcc/13.2.1-1.1.1/.content/bin/../lib/gcc/arm-none-eabi/13.2.1/../../../../arm-none-eabi/lib/thumb/v7e-m+fp/hard\libc_nano.a(libc_a-nano-vfscanf_i.o)
 .rodata._ctype_
                0x08009750      0x101 c:/Users/WS-XIAOYA/AppData/Roaming/Code/User/globalStorage/bmd.stm32-for-vscode/@xpack-dev-tools/arm-none-eabi-gcc/13.2.1-1.1.1/.content/bin/../lib/gcc/arm-none-eabi/13.2.1/../../../../arm-none-eabi/lib/thumb/v7e-m+fp/hard\libc_nano.a(libc_a-ctype_.o)
                0x08009750                _ctype_
                0x08009854                        . = ALIGN (0x4)
 *fill*         0x08009851        0x3 

.ARM.extab
 *(.ARM.extab* .gnu.linkonce.armextab.*)

.ARM            0x08009854        0x8
                0x08009854                        __exidx_start = .
 *(.ARM.exidx*)
 .ARM.exidx     0x08009854        0x8 c:/Users/WS-XIAOYA/AppData/Roaming/Code/User/globalStorage/bmd.stm32-for-vscode/@xpack-dev-tools/arm-none-eabi-gcc/13.2.1-1.1.1/.content/bin/../lib/gcc/arm-none-eabi/13.2.1/../../../../arm-none-eabi/lib/thumb/v7e-m+fp/hard\libc_nano.a(libc_a-strcmp.o)
 .ARM.exidx     0x0800985c        0x0 c:/Users/WS-XIAOYA/AppData/Roaming/Code/User/globalStorage/bmd.stm32-for-vscode/@xpack-dev-tools/arm-none-eabi-gcc/13.2.1-1.1.1/.content/bin/../lib/gcc/arm-none-eabi/13.2.1/../../../../arm-none-eabi/lib/thumb/v7e-m+fp/hard\libc_nano.a(libc_a-strlen.o)
                                  0x8 (size before relaxing)
 .ARM.exidx     0x0800985c        0x0 c:/Users/WS-XIAOYA/AppData/Roaming/Code/User/globalStorage/bmd.stm32-for-vscode/@xpack-dev-tools/arm-none-eabi-gcc/13.2.1-1.1.1/.content/bin/../lib/gcc/arm-none-eabi/13.2.1/../../../../arm-none-eabi/lib/thumb/v7e-m+fp/hard\libc_nano.a(libc_a-memchr.o)
                                  0x8 (size before relaxing)
 .ARM.exidx.text.__udivmoddi4
                0x0800985c        0x0 c:/Users/WS-XIAOYA/AppData/Roaming/Code/User/globalStorage/bmd.stm32-for-vscode/@xpack-dev-tools/arm-none-eabi-gcc/13.2.1-1.1.1/.content/bin/../lib/gcc/arm-none-eabi/13.2.1/thumb/v7e-m+fp/hard\libgcc.a(_udivmoddi4.o)
                                  0x8 (size before relaxing)
                0x0800985c                        __exidx_end = .

.rel.dyn        0x0800985c        0x0
 .rel.iplt      0x0800985c        0x0 c:/Users/WS-XIAOYA/AppData/Roaming/Code/User/globalStorage/bmd.stm32-for-vscode/@xpack-dev-tools/arm-none-eabi-gcc/13.2.1-1.1.1/.content/bin/../lib/gcc/arm-none-eabi/13.2.1/thumb/v7e-m+fp/hard/crtbegin.o

.preinit_array  0x0800985c        0x0
                0x0800985c                        PROVIDE (__preinit_array_start = .)
 *(.preinit_array*)
                0x0800985c                        PROVIDE (__preinit_array_end = .)

.init_array     0x0800985c        0x4
                0x0800985c                        PROVIDE (__init_array_start = .)
 *(SORT_BY_NAME(.init_array.*))
 *(.init_array*)
 .init_array    0x0800985c        0x4 c:/Users/WS-XIAOYA/AppData/Roaming/Code/User/globalStorage/bmd.stm32-for-vscode/@xpack-dev-tools/arm-none-eabi-gcc/13.2.1-1.1.1/.content/bin/../lib/gcc/arm-none-eabi/13.2.1/thumb/v7e-m+fp/hard/crtbegin.o
                0x08009860                        PROVIDE (__init_array_end = .)

.fini_array     0x08009860        0x4
                0x08009860                        PROVIDE (__fini_array_start = .)
 *(SORT_BY_NAME(.fini_array.*))
 *(.fini_array*)
 .fini_array    0x08009860        0x4 c:/Users/WS-XIAOYA/AppData/Roaming/Code/User/globalStorage/bmd.stm32-for-vscode/@xpack-dev-tools/arm-none-eabi-gcc/13.2.1-1.1.1/.content/bin/../lib/gcc/arm-none-eabi/13.2.1/thumb/v7e-m+fp/hard/crtbegin.o
                0x08009864                        PROVIDE (__fini_array_end = .)
                0x08009864                        _sidata = LOADADDR (.data)

.data           0x20000000       0x94 load address 0x08009864
                0x20000000                        . = ALIGN (0x4)
                0x20000000                        _sdata = .
 *(.data)
 *(.data*)
 .data.SystemCoreClock
                0x20000000        0x4 build/debug/Core/Src/system_stm32f4xx.o
                0x20000000                SystemCoreClock
 .data.uwTickFreq
                0x20000004        0x1 build/debug/Drivers/STM32F4xx_HAL_Driver/Src/stm32f4xx_hal.o
                0x20000004                uwTickFreq
 *fill*         0x20000005        0x3 
 .data.uwTickPrio
                0x20000008        0x4 build/debug/Drivers/STM32F4xx_HAL_Driver/Src/stm32f4xx_hal.o
                0x20000008                uwTickPrio
 .data.uxCriticalNesting
                0x2000000c        0x4 build/debug/Middlewares/Third_Party/FreeRTOS/Source/portable/GCC/ARM_CM4F/port.o
 .data.can2_filter_idx.3
                0x20000010        0x1 build/debug/bsp/can/bsp_can.o
 .data.can2_filter_idx.5
                0x20000011        0x1 build/debug/bsp/can/bsp_can.o
 *fill*         0x20000012        0x2 
 .data.message_center
                0x20000014       0x30 build/debug/moudels/message_center/message_center.o
 .data._impure_ptr
                0x20000044        0x4 c:/Users/WS-XIAOYA/AppData/Roaming/Code/User/globalStorage/bmd.stm32-for-vscode/@xpack-dev-tools/arm-none-eabi-gcc/13.2.1-1.1.1/.content/bin/../lib/gcc/arm-none-eabi/13.2.1/../../../../arm-none-eabi/lib/thumb/v7e-m+fp/hard\libc_nano.a(libc_a-impure.o)
                0x20000044                _impure_ptr
 .data._impure_data
                0x20000048       0x4c c:/Users/WS-XIAOYA/AppData/Roaming/Code/User/globalStorage/bmd.stm32-for-vscode/@xpack-dev-tools/arm-none-eabi-gcc/13.2.1-1.1.1/.content/bin/../lib/gcc/arm-none-eabi/13.2.1/../../../../arm-none-eabi/lib/thumb/v7e-m+fp/hard\libc_nano.a(libc_a-impure.o)
                0x20000048                _impure_data
                0x20000094                        . = ALIGN (0x4)
                0x20000094                        _edata = .
                0x080098f8                        _siccmram = LOADADDR (.ccmram)

.igot.plt       0x20000094        0x0 load address 0x080098f8
 .igot.plt      0x20000094        0x0 c:/Users/WS-XIAOYA/AppData/Roaming/Code/User/globalStorage/bmd.stm32-for-vscode/@xpack-dev-tools/arm-none-eabi-gcc/13.2.1-1.1.1/.content/bin/../lib/gcc/arm-none-eabi/13.2.1/thumb/v7e-m+fp/hard/crtbegin.o

.ccmram         0x10000000        0x0 load address 0x080098f8
                0x10000000                        . = ALIGN (0x4)
                0x10000000                        _sccmram = .
 *(.ccmram)
 *(.ccmram*)
                0x10000000                        . = ALIGN (0x4)
                0x10000000                        _eccmram = .
                0x10000000                        . = ALIGN (0x4)

.bss            0x20000098     0x5638
                0x20000098                        _sbss = .
                0x20000098                        __bss_start__ = _sbss
 *(.bss)
 *(.bss*)
 .bss.completed.1
                0x20000098        0x1 c:/Users/WS-XIAOYA/AppData/Roaming/Code/User/globalStorage/bmd.stm32-for-vscode/@xpack-dev-tools/arm-none-eabi-gcc/13.2.1-1.1.1/.content/bin/../lib/gcc/arm-none-eabi/13.2.1/thumb/v7e-m+fp/hard/crtbegin.o
 *fill*         0x20000099        0x3 
 .bss.object.0  0x2000009c       0x18 c:/Users/WS-XIAOYA/AppData/Roaming/Code/User/globalStorage/bmd.stm32-for-vscode/@xpack-dev-tools/arm-none-eabi-gcc/13.2.1-1.1.1/.content/bin/../lib/gcc/arm-none-eabi/13.2.1/thumb/v7e-m+fp/hard/crtbegin.o
 .bss.HAL_RCC_CAN1_CLK_ENABLED
                0x200000b4        0x4 build/debug/Core/Src/can.o
 .bss.hcan2     0x200000b8       0x28 build/debug/Core/Src/can.o
                0x200000b8                hcan2
 .bss.hcan1     0x200000e0       0x28 build/debug/Core/Src/can.o
                0x200000e0                hcan1
 .bss.xTimerStack
                0x20000108      0x400 build/debug/Core/Src/freertos.o
 .bss.xTimerTaskTCBBuffer
                0x20000508       0x54 build/debug/Core/Src/freertos.o
 .bss.xIdleStack
                0x2000055c      0x200 build/debug/Core/Src/freertos.o
 .bss.xIdleTaskTCBBuffer
                0x2000075c       0x54 build/debug/Core/Src/freertos.o
 .bss.hi2c3     0x200007b0       0x54 build/debug/Core/Src/i2c.o
                0x200007b0                hi2c3
 .bss.hdma_spi1_tx
                0x20000804       0x60 build/debug/Core/Src/spi.o
                0x20000804                hdma_spi1_tx
 .bss.hdma_spi1_rx
                0x20000864       0x60 build/debug/Core/Src/spi.o
                0x20000864                hdma_spi1_rx
 .bss.hspi1     0x200008c4       0x58 build/debug/Core/Src/spi.o
                0x200008c4                hspi1
 .bss.htim10    0x2000091c       0x48 build/debug/Core/Src/tim.o
                0x2000091c                htim10
 .bss.htim5     0x20000964       0x48 build/debug/Core/Src/tim.o
                0x20000964                htim5
 .bss.htim4     0x200009ac       0x48 build/debug/Core/Src/tim.o
                0x200009ac                htim4
 .bss.hdma_usart6_tx
                0x200009f4       0x60 build/debug/Core/Src/usart.o
                0x200009f4                hdma_usart6_tx
 .bss.hdma_usart6_rx
                0x20000a54       0x60 build/debug/Core/Src/usart.o
                0x20000a54                hdma_usart6_rx
 .bss.hdma_usart3_rx
                0x20000ab4       0x60 build/debug/Core/Src/usart.o
                0x20000ab4                hdma_usart3_rx
 .bss.hdma_usart3_tx
                0x20000b14       0x60 build/debug/Core/Src/usart.o
                0x20000b14                hdma_usart3_tx
 .bss.hdma_usart1_rx
                0x20000b74       0x60 build/debug/Core/Src/usart.o
                0x20000b74                hdma_usart1_rx
 .bss.hdma_usart1_tx
                0x20000bd4       0x60 build/debug/Core/Src/usart.o
                0x20000bd4                hdma_usart1_tx
 .bss.huart6    0x20000c34       0x48 build/debug/Core/Src/usart.o
                0x20000c34                huart6
 .bss.huart3    0x20000c7c       0x48 build/debug/Core/Src/usart.o
                0x20000c7c                huart3
 .bss.huart1    0x20000cc4       0x48 build/debug/Core/Src/usart.o
                0x20000cc4                huart1
 .bss.uwTick    0x20000d0c        0x4 build/debug/Drivers/STM32F4xx_HAL_Driver/Src/stm32f4xx_hal.o
                0x20000d0c                uwTick
 .bss.ulMaxPRIGROUPValue
                0x20000d10        0x4 build/debug/Middlewares/Third_Party/FreeRTOS/Source/portable/GCC/ARM_CM4F/port.o
 .bss.ucMaxSysCallPriority
                0x20000d14        0x1 build/debug/Middlewares/Third_Party/FreeRTOS/Source/portable/GCC/ARM_CM4F/port.o
 *fill*         0x20000d15        0x3 
 .bss.xBlockAllocatedBit
                0x20000d18        0x4 build/debug/Middlewares/Third_Party/FreeRTOS/Source/portable/MemMang/heap_4.o
 .bss.xNumberOfSuccessfulFrees
                0x20000d1c        0x4 build/debug/Middlewares/Third_Party/FreeRTOS/Source/portable/MemMang/heap_4.o
 .bss.xNumberOfSuccessfulAllocations
                0x20000d20        0x4 build/debug/Middlewares/Third_Party/FreeRTOS/Source/portable/MemMang/heap_4.o
 .bss.xMinimumEverFreeBytesRemaining
                0x20000d24        0x4 build/debug/Middlewares/Third_Party/FreeRTOS/Source/portable/MemMang/heap_4.o
 .bss.xFreeBytesRemaining
                0x20000d28        0x4 build/debug/Middlewares/Third_Party/FreeRTOS/Source/portable/MemMang/heap_4.o
 .bss.pxEnd     0x20000d2c        0x4 build/debug/Middlewares/Third_Party/FreeRTOS/Source/portable/MemMang/heap_4.o
 .bss.xStart    0x20000d30        0x8 build/debug/Middlewares/Third_Party/FreeRTOS/Source/portable/MemMang/heap_4.o
 .bss.ucHeap    0x20000d38     0x3c00 build/debug/Middlewares/Third_Party/FreeRTOS/Source/portable/MemMang/heap_4.o
 .bss.xQueueRegistry
                0x20004938       0x40 build/debug/Middlewares/Third_Party/FreeRTOS/Source/queue.o
                0x20004938                xQueueRegistry
 .bss.uxSchedulerSuspended
                0x20004978        0x4 build/debug/Middlewares/Third_Party/FreeRTOS/Source/tasks.o
 .bss.xIdleTaskHandle
                0x2000497c        0x4 build/debug/Middlewares/Third_Party/FreeRTOS/Source/tasks.o
 .bss.xNextTaskUnblockTime
                0x20004980        0x4 build/debug/Middlewares/Third_Party/FreeRTOS/Source/tasks.o
 .bss.uxTaskNumber
                0x20004984        0x4 build/debug/Middlewares/Third_Party/FreeRTOS/Source/tasks.o
 .bss.xNumOfOverflows
                0x20004988        0x4 build/debug/Middlewares/Third_Party/FreeRTOS/Source/tasks.o
 .bss.xYieldPending
                0x2000498c        0x4 build/debug/Middlewares/Third_Party/FreeRTOS/Source/tasks.o
 .bss.xPendedTicks
                0x20004990        0x4 build/debug/Middlewares/Third_Party/FreeRTOS/Source/tasks.o
 .bss.xSchedulerRunning
                0x20004994        0x4 build/debug/Middlewares/Third_Party/FreeRTOS/Source/tasks.o
 .bss.uxTopReadyPriority
                0x20004998        0x4 build/debug/Middlewares/Third_Party/FreeRTOS/Source/tasks.o
 .bss.xTickCount
                0x2000499c        0x4 build/debug/Middlewares/Third_Party/FreeRTOS/Source/tasks.o
 .bss.uxCurrentNumberOfTasks
                0x200049a0        0x4 build/debug/Middlewares/Third_Party/FreeRTOS/Source/tasks.o
 .bss.xSuspendedTaskList
                0x200049a4       0x14 build/debug/Middlewares/Third_Party/FreeRTOS/Source/tasks.o
 .bss.uxDeletedTasksWaitingCleanUp
                0x200049b8        0x4 build/debug/Middlewares/Third_Party/FreeRTOS/Source/tasks.o
 .bss.xTasksWaitingTermination
                0x200049bc       0x14 build/debug/Middlewares/Third_Party/FreeRTOS/Source/tasks.o
 .bss.xPendingReadyList
                0x200049d0       0x14 build/debug/Middlewares/Third_Party/FreeRTOS/Source/tasks.o
 .bss.pxOverflowDelayedTaskList
                0x200049e4        0x4 build/debug/Middlewares/Third_Party/FreeRTOS/Source/tasks.o
 .bss.pxDelayedTaskList
                0x200049e8        0x4 build/debug/Middlewares/Third_Party/FreeRTOS/Source/tasks.o
 .bss.xDelayedTaskList2
                0x200049ec       0x14 build/debug/Middlewares/Third_Party/FreeRTOS/Source/tasks.o